Picked up JAVA_TOOL_OPTIONS: -Dtrb.timing.bandwidth=0.5 -Dtrb.timing.betaOverride=11 -Dtrb.timing.laneCapacityRatio=1.5 -Dtrb.timing.mqcCapacityRatio=0.75
SOLVE_BEGIN method=NOMINAL robustness=0.0000000000000000 scenarios=1 positiveWeights=1 ess=1.0000000000 threads=2 limitSec=600
Version identifier: 22.1.1.0 | 2022-11-27 | 9160aff4d
CPXPARAM_Threads                                 2
CPXPARAM_TimeLimit                               600
Tried aggregator 1 time.
Reduced MIP has 514 rows, 512 columns, and 2285 nonzeros.
Reduced MIP has 15 binaries, 0 generals, 0 SOSs, and 0 indicators.
Presolve time = 0.00 sec. (0.97 ticks)
Found incumbent of value 187230.097308 after 0.00 sec. (1.50 ticks)
Probing time = 0.00 sec. (0.08 ticks)
Tried aggregator 1 time.
Detecting symmetries...
Reduced MIP has 514 rows, 512 columns, and 2285 nonzeros.
Reduced MIP has 15 binaries, 0 generals, 0 SOSs, and 0 indicators.
Presolve time = 0.00 sec. (1.16 ticks)
Probing time = 0.00 sec. (0.08 ticks)
MIP emphasis: balance optimality and feasibility.
MIP search method: dynamic search.
Parallel mode: deterministic, using up to 2 threads.
Root relaxation solution time = 0.02 sec. (8.35 ticks)

        Nodes                                         Cuts/
   Node  Left     Objective  IInf  Best Integer    Best Bound    ItCnt     Gap

*     0+    0                       187230.0973        0.0000           100.00%
*     0+    0                       100103.7021        0.0000           100.00%
      0     0    89245.6540     3   100103.7021    89245.6540      390   10.85%
*     0+    0                        89466.0841    89245.6540             0.25%
*     0+    0                        89466.0841                           0.00%
      0     0        cutoff          89466.0841                    419    0.00%
Elapsed time = 0.02 sec. (15.47 ticks, tree = 0.01 MB, solutions = 3)

Flow cuts applied:  44
Mixed integer rounding cuts applied:  26
Gomory fractional cuts applied:  3

Root node processing (before b&c):
  Real time             =    0.02 sec. (15.50 ticks)
Parallel b&c, 2 threads:
  Real time             =    0.00 sec. (0.00 ticks)
  Sync time (average)   =    0.00 sec.
  Wait time (average)   =    0.00 sec.
                          ------------
Total (root+branch&cut) =    0.02 sec. (15.50 ticks)
SOLVE_END method=NOMINAL robustness=0.0000000000000000 status=Optimal certified=true objective=89466.084108880810 bestBound=89466.084108880810 gap=0.0000000000000000 solveSec=0.025672 selected=11
