Picked up JAVA_TOOL_OPTIONS: -Dtrb.timing.bandwidth=0.5 -Dtrb.timing.betaOverride=11 -Dtrb.timing.capacityScale=0.4328 -Dtrb.timing.mqcCapacityRatio=0.75
SOLVE_BEGIN method=NOMINAL robustness=0.0000000000000000 scenarios=75 positiveWeights=75 ess=34.5465312382 threads=2 limitSec=600
Version identifier: 22.1.1.0 | 2022-11-27 | 9160aff4d
CPXPARAM_Threads                                 2
CPXPARAM_TimeLimit                               600
Tried aggregator 1 time.
MIP Presolve eliminated 428 rows and 428 columns.
MIP Presolve modified 40 coefficients.
Reduced MIP has 37974 rows, 36862 columns, and 165939 nonzeros.
Reduced MIP has 15 binaries, 0 generals, 0 SOSs, and 0 indicators.
Presolve time = 0.08 sec. (82.07 ticks)
Found incumbent of value 182548.485725 after 0.12 sec. (120.42 ticks)
Probing time = 0.00 sec. (4.59 ticks)
Cover probing fixed 0 vars, tightened 2 bounds.
Tried aggregator 1 time.
Detecting symmetries...
Reduced MIP has 37974 rows, 36862 columns, and 165939 nonzeros.
Reduced MIP has 15 binaries, 0 generals, 0 SOSs, and 0 indicators.
Presolve time = 0.06 sec. (92.14 ticks)
Probing time = 0.00 sec. (6.00 ticks)
MIP emphasis: balance optimality and feasibility.
MIP search method: dynamic search.
Parallel mode: deterministic, using up to 2 threads.
Root relaxation solution time = 49.17 sec. (45833.23 ticks)

        Nodes                                         Cuts/
   Node  Left     Objective  IInf  Best Integer    Best Bound    ItCnt     Gap

*     0+    0                       182548.4857    19847.2794            89.13%
*     0+    0                       109449.4524    19847.2794            81.87%
      0     0   100713.2898     2   109449.4524   100713.2898    63092    7.98%
*     0+    0                       100913.6910   100713.2898             0.20%
      0     0   100909.6167     2   100913.6910    Cuts: 2893    64812    0.00%

Implied bound cuts applied:  20
Flow cuts applied:  1507
Mixed integer rounding cuts applied:  958

Root node processing (before b&c):
  Real time             =   52.73 sec. (48629.20 ticks)
Parallel b&c, 2 threads:
  Real time             =    0.00 sec. (0.00 ticks)
  Sync time (average)   =    0.00 sec.
  Wait time (average)   =    0.00 sec.
                          ------------
Total (root+branch&cut) =   52.73 sec. (48629.20 ticks)
SOLVE_END method=NOMINAL robustness=0.0000000000000000 status=Optimal certified=true objective=100913.69098914182 bestBound=100909.61669759534 gap=4.0374021666873560e-05 solveSec=52.734548 selected=11
