Picked up JAVA_TOOL_OPTIONS: -Dtrb.timing.bandwidth=0.5 -Dtrb.timing.betaOverride=11 -Dtrb.timing.capacityScale=0.75 -Dtrb.timing.mqcCapacityRatio=0.75
SOLVE_BEGIN method=NOMINAL robustness=0.0000000000000000 scenarios=1 positiveWeights=1 ess=1.0000000000 threads=2 limitSec=600
Version identifier: 22.1.1.0 | 2022-11-27 | 9160aff4d
CPXPARAM_Threads                                 2
CPXPARAM_TimeLimit                               600
Tried aggregator 1 time.
Reduced MIP has 514 rows, 512 columns, and 2285 nonzeros.
Reduced MIP has 15 binaries, 0 generals, 0 SOSs, and 0 indicators.
Presolve time = 0.00 sec. (0.97 ticks)
Found incumbent of value 177133.350400 after 0.00 sec. (1.51 ticks)
Probing time = 0.00 sec. (0.08 ticks)
Tried aggregator 1 time.
Detecting symmetries...
Reduced MIP has 514 rows, 512 columns, and 2285 nonzeros.
Reduced MIP has 15 binaries, 0 generals, 0 SOSs, and 0 indicators.
Presolve time = 0.00 sec. (1.16 ticks)
Probing time = 0.00 sec. (0.08 ticks)
MIP emphasis: balance optimality and feasibility.
MIP search method: dynamic search.
Parallel mode: deterministic, using up to 2 threads.
Root relaxation solution time = 0.01 sec. (10.87 ticks)

        Nodes                                         Cuts/
   Node  Left     Objective  IInf  Best Integer    Best Bound    ItCnt     Gap

*     0+    0                       177133.3504        0.0000           100.00%
*     0+    0                        85174.9082        0.0000           100.00%
      0     0    78494.8510     5    85174.9082    78494.8510      398    7.84%
*     0+    0                        79197.1190    78494.8510             0.89%
      0     0    78838.1718     8    79197.1190      Cuts: 78      466    0.45%
*     0+    0                        79065.3028    78838.1718             0.29%
      0     0    78851.5298     4    79065.3028      Cuts: 69      478    0.27%
*     0+    0                        78972.0188    78851.5298             0.15%
      0     0    78859.1893     4    78972.0188      Fract: 1      481    0.14%
      0     0        cutoff          78972.0188    78972.0188      481    0.00%
Elapsed time = 0.03 sec. (33.67 ticks, tree = 0.01 MB, solutions = 5)

Flow cuts applied:  42
Mixed integer rounding cuts applied:  64
Gomory fractional cuts applied:  1

Root node processing (before b&c):
  Real time             =    0.03 sec. (33.72 ticks)
Parallel b&c, 2 threads:
  Real time             =    0.00 sec. (0.00 ticks)
  Sync time (average)   =    0.00 sec.
  Wait time (average)   =    0.00 sec.
                          ------------
Total (root+branch&cut) =    0.03 sec. (33.72 ticks)
SOLVE_END method=NOMINAL robustness=0.0000000000000000 status=Optimal certified=true objective=78972.018754364540 bestBound=78972.018754364540 gap=0.0000000000000000 solveSec=0.033870 selected=11
