Picked up JAVA_TOOL_OPTIONS: -Dtrb.timing.bandwidth=0.5 -Dtrb.timing.betaOverride=11 -Dtrb.timing.capacityScale=0.3 -Dtrb.timing.mqcCapacityRatio=0.75
SOLVE_BEGIN method=NOMINAL robustness=0.0000000000000000 scenarios=75 positiveWeights=75 ess=75.0000000000 threads=2 limitSec=600
Version identifier: 22.1.1.0 | 2022-11-27 | 9160aff4d
CPXPARAM_Threads                                 2
CPXPARAM_TimeLimit                               600
Tried aggregator 1 time.
MIP Presolve eliminated 1747 rows and 1747 columns.
MIP Presolve modified 36 coefficients.
Reduced MIP has 36655 rows, 35543 columns, and 154231 nonzeros.
Reduced MIP has 15 binaries, 0 generals, 0 SOSs, and 0 indicators.
Presolve time = 0.11 sec. (81.25 ticks)
Found incumbent of value 176715.058203 after 0.16 sec. (115.90 ticks)
Probing time = 0.02 sec. (4.64 ticks)
Cover probing fixed 0 vars, tightened 12 bounds.
Tried aggregator 1 time.
Detecting symmetries...
Reduced MIP has 36655 rows, 35543 columns, and 154231 nonzeros.
Reduced MIP has 15 binaries, 0 generals, 0 SOSs, and 0 indicators.
Presolve time = 0.11 sec. (92.47 ticks)
Probing time = 0.02 sec. (6.15 ticks)
MIP emphasis: balance optimality and feasibility.
MIP search method: dynamic search.
Parallel mode: deterministic, using up to 2 threads.
Root relaxation solution time = 20.47 sec. (32256.81 ticks)

        Nodes                                         Cuts/
   Node  Left     Objective  IInf  Best Integer    Best Bound    ItCnt     Gap

*     0+    0                       176715.0582    72927.2946            58.73%
*     0+    0                       134409.2104    72927.2946            45.74%
      0     0   125930.5608     2   134409.2104   125930.5608    50119    6.31%
*     0+    0                       125932.1739   125930.5608             0.00%

Root node processing (before b&c):
  Real time             =   20.97 sec. (32794.87 ticks)
Parallel b&c, 2 threads:
  Real time             =    0.00 sec. (0.00 ticks)
  Sync time (average)   =    0.00 sec.
  Wait time (average)   =    0.00 sec.
                          ------------
Total (root+branch&cut) =   20.97 sec. (32794.87 ticks)
SOLVE_END method=NOMINAL robustness=0.0000000000000000 status=Optimal certified=true objective=125932.17394154602 bestBound=125931.87247954274 gap=2.3938441928048897e-06 solveSec=20.992026 selected=11
