Picked up JAVA_TOOL_OPTIONS: -Dtrb.timing.bandwidth=0.5 -Dtrb.timing.betaOverride=11 -Dtrb.timing.capacityScale=0.3 -Dtrb.timing.mqcCapacityRatio=0.75
SOLVE_BEGIN method=NOMINAL robustness=0.0000000000000000 scenarios=1 positiveWeights=1 ess=1.0000000000 threads=2 limitSec=600
Version identifier: 22.1.1.0 | 2022-11-27 | 9160aff4d
CPXPARAM_Threads                                 2
CPXPARAM_TimeLimit                               600
Tried aggregator 1 time.
MIP Presolve eliminated 23 rows and 23 columns.
Reduced MIP has 491 rows, 489 columns, and 2102 nonzeros.
Reduced MIP has 15 binaries, 0 generals, 0 SOSs, and 0 indicators.
Presolve time = 0.00 sec. (0.96 ticks)
Found incumbent of value 181908.321310 after 0.00 sec. (1.43 ticks)
Probing time = 0.00 sec. (0.09 ticks)
Tried aggregator 1 time.
Detecting symmetries...
Reduced MIP has 491 rows, 489 columns, and 2102 nonzeros.
Reduced MIP has 15 binaries, 0 generals, 0 SOSs, and 0 indicators.
Presolve time = 0.00 sec. (1.10 ticks)
Probing time = 0.00 sec. (0.09 ticks)
MIP emphasis: balance optimality and feasibility.
MIP search method: dynamic search.
Parallel mode: deterministic, using up to 2 threads.
Root relaxation solution time = 0.02 sec. (6.84 ticks)

        Nodes                                         Cuts/
   Node  Left     Objective  IInf  Best Integer    Best Bound    ItCnt     Gap

*     0+    0                       181908.3213    62573.6381            65.60%
*     0+    0                       132661.6061    62573.6381            52.83%
      0     0   123633.1804     2   132661.6061   123633.1804      427    6.81%
*     0+    0                       123634.1909   123633.1804             0.00%

Root node processing (before b&c):
  Real time             =    0.02 sec. (11.26 ticks)
Parallel b&c, 2 threads:
  Real time             =    0.00 sec. (0.00 ticks)
  Sync time (average)   =    0.00 sec.
  Wait time (average)   =    0.00 sec.
                          ------------
Total (root+branch&cut) =    0.02 sec. (11.26 ticks)
SOLVE_END method=NOMINAL robustness=0.0000000000000000 status=Optimal certified=true objective=123634.19088543714 bestBound=123633.18037198225 gap=8.1734142283530780e-06 solveSec=0.020758 selected=11
