SOLVE_BEGIN method=NOMINAL robustness=0.0000000000000000 scenarios=1 positiveWeights=1 ess=1.0000000000 threads=1 limitSec=600
Version identifier: 22.1.1.0 | 2022-11-27 | 9160aff4d
CPXPARAM_Threads                                 1
CPXPARAM_TimeLimit                               600
CPXPARAM_MIP_Tolerances_MIPGap                   1e-08
Tried aggregator 1 time.
Reduced MIP has 166 rows, 164 columns, and 680 nonzeros.
Reduced MIP has 12 binaries, 0 generals, 0 SOSs, and 0 indicators.
Presolve time = 0.00 sec. (0.28 ticks)
Found incumbent of value 128011.591220 after 0.00 sec. (0.45 ticks)
Probing time = 0.00 sec. (0.02 ticks)
Tried aggregator 1 time.
Detecting symmetries...
Reduced MIP has 166 rows, 164 columns, and 680 nonzeros.
Reduced MIP has 12 binaries, 0 generals, 0 SOSs, and 0 indicators.
Presolve time = 0.00 sec. (0.34 ticks)
Probing time = 0.00 sec. (0.02 ticks)
MIP emphasis: balance optimality and feasibility.
MIP search method: dynamic search.
Parallel mode: none, using 1 thread.
Root relaxation solution time = 0.00 sec. (0.58 ticks)

        Nodes                                         Cuts/
   Node  Left     Objective  IInf  Best Integer    Best Bound    ItCnt     Gap

*     0+    0                       128011.5912        0.0000           100.00%
      0     0    49475.7929     4   128011.5912    49475.7929       78   61.35%
*     0+    0                        49946.5144    49475.7929             0.94%
      0     0    49941.8227     1    49946.5144      Cuts: 26      111    0.01%
      0     0    49943.3327     1    49946.5144      Cuts: 10      118    0.01%
      0     0    49943.4337     1    49946.5144    MIRcuts: 2      119    0.01%
      0     0    49943.5617     1    49946.5144    MIRcuts: 2      120    0.01%
Detecting symmetries...

Repeating presolve.
Tried aggregator 1 time.
MIP Presolve eliminated 126 rows and 44 columns.
MIP Presolve modified 3 coefficients.
Reduced MIP has 40 rows, 120 columns, and 241 nonzeros.
Reduced MIP has 1 binaries, 0 generals, 0 SOSs, and 0 indicators.
Presolve time = 0.00 sec. (0.15 ticks)
Probing time = 0.00 sec. (0.01 ticks)
Tried aggregator 1 time.
Reduced MIP has 40 rows, 120 columns, and 241 nonzeros.
Reduced MIP has 1 binaries, 0 generals, 0 SOSs, and 0 indicators.
Presolve time = 0.00 sec. (0.09 ticks)
Represolve time = 0.02 sec. (0.36 ticks)
Probing time = 0.00 sec. (0.01 ticks)
MIP emphasis: balance optimality and feasibility.
MIP search method: dynamic search.
Parallel mode: none, using 1 thread.
Root relaxation solution time = 0.00 sec. (0.30 ticks)

        Nodes                                         Cuts/
   Node  Left     Objective  IInf  Best Integer    Best Bound    ItCnt     Gap

*     0+    0                        49946.5144    49943.5617             0.01%
      0     0    49943.5617     1    49946.5144    49943.5617      174    0.01%
      0     0    49946.2498     1    49946.5144       Cuts: 2      178    0.00%
      0     0        cutoff          49946.5144                    178    0.00%
Elapsed time = 0.03 sec. (9.27 ticks, tree = 0.01 MB, solutions = 2)

Flow cuts applied:  12
Mixed integer rounding cuts applied:  3
Lift and project cuts applied:  1
Gomory fractional cuts applied:  2

Root node processing (before b&c):
  Real time             =    0.03 sec. (9.27 ticks)
Sequential b&c:
  Real time             =    0.00 sec. (0.00 ticks)
                          ------------
Total (root+branch&cut) =    0.03 sec. (9.27 ticks)
SOLVE_END method=NOMINAL robustness=0.0000000000000000 status=Optimal certified=true objective=49946.514403173260 bestBound=49946.514403173260 gap=0.0000000000000000 solveSec=0.030273 selected=9
SOLVE_BEGIN method=NOMINAL robustness=0.0000000000000000 scenarios=60 positiveWeights=60 ess=60.0000000000 threads=1 limitSec=600
Version identifier: 22.1.1.0 | 2022-11-27 | 9160aff4d
CPXPARAM_Threads                                 1
CPXPARAM_TimeLimit                               600
CPXPARAM_MIP_Tolerances_MIPGap                   1e-08
Tried aggregator 1 time.
MIP Presolve eliminated 142 rows and 142 columns.
MIP Presolve modified 2125 coefficients.
Reduced MIP has 9700 rows, 8990 columns, and 38592 nonzeros.
Reduced MIP has 12 binaries, 0 generals, 0 SOSs, and 0 indicators.
Presolve time = 0.02 sec. (24.01 ticks)
Found incumbent of value 150123.445697 after 0.03 sec. (33.57 ticks)
Probing time = 0.00 sec. (1.35 ticks)
Tried aggregator 1 time.
Detecting symmetries...
Reduced MIP has 9700 rows, 8990 columns, and 38592 nonzeros.
Reduced MIP has 12 binaries, 0 generals, 0 SOSs, and 0 indicators.
Presolve time = 0.03 sec. (25.22 ticks)
Probing time = 0.00 sec. (1.35 ticks)
MIP emphasis: balance optimality and feasibility.
MIP search method: dynamic search.
Parallel mode: none, using 1 thread.
Root relaxation solution time = 0.97 sec. (1979.21 ticks)

        Nodes                                         Cuts/
   Node  Left     Objective  IInf  Best Integer    Best Bound    ItCnt     Gap

*     0+    0                       150123.4457    32942.1620            78.06%
      0     0    77075.7018     4   150123.4457    77075.7018    14119   48.66%
*     0+    0                        77352.7713    77075.7018             0.36%
      0     0    77350.9251     2    77352.7713    Cuts: 1409    15184    0.00%
      0     0    77352.4362     2    77352.7713     Cuts: 130    15351    0.00%
      0     0    77352.5275     2    77352.7713      Cuts: 47    15396    0.00%
Detecting symmetries...
      0     1    77352.5275     2    77352.7713    77352.5327    15396    0.00%
Elapsed time = 1.47 sec. (2705.64 ticks, tree = 0.01 MB, solutions = 2)

Implied bound cuts applied:  6
Flow cuts applied:  519
Mixed integer rounding cuts applied:  604
Lift and project cuts applied:  1
Gomory fractional cuts applied:  1

Root node processing (before b&c):
  Real time             =    1.48 sec. (2702.46 ticks)
Sequential b&c:
  Real time             =    0.00 sec. (10.60 ticks)
                          ------------
Total (root+branch&cut) =    1.48 sec. (2713.06 ticks)
SOLVE_END method=NOMINAL robustness=0.0000000000000000 status=Optimal certified=true objective=77352.771301736560 bestBound=77352.771301736560 gap=0.0000000000000000 solveSec=1.491440 selected=9
SOLVE_BEGIN method=NOMINAL robustness=0.0000000000000000 scenarios=60 positiveWeights=60 ess=7.1483005707 threads=1 limitSec=600
Version identifier: 22.1.1.0 | 2022-11-27 | 9160aff4d
CPXPARAM_Threads                                 1
CPXPARAM_TimeLimit                               600
CPXPARAM_MIP_Tolerances_MIPGap                   1e-08
Tried aggregator 1 time.
MIP Presolve eliminated 142 rows and 142 columns.
MIP Presolve modified 2125 coefficients.
Reduced MIP has 9700 rows, 8990 columns, and 38592 nonzeros.
Reduced MIP has 12 binaries, 0 generals, 0 SOSs, and 0 indicators.
Presolve time = 0.02 sec. (24.01 ticks)
Found incumbent of value 86242.149485 after 0.03 sec. (33.57 ticks)
Probing time = 0.00 sec. (1.35 ticks)
Tried aggregator 1 time.
Detecting symmetries...
Reduced MIP has 9700 rows, 8990 columns, and 38592 nonzeros.
Reduced MIP has 12 binaries, 0 generals, 0 SOSs, and 0 indicators.
Presolve time = 0.03 sec. (24.54 ticks)
Probing time = 0.00 sec. (1.35 ticks)
MIP emphasis: balance optimality and feasibility.
MIP search method: dynamic search.
Parallel mode: none, using 1 thread.
Root relaxation solution time = 1.39 sec. (1659.40 ticks)

        Nodes                                         Cuts/
   Node  Left     Objective  IInf  Best Integer    Best Bound    ItCnt     Gap

*     0+    0                        86242.1495     8867.5951            89.72%
      0     0    42046.3069     3    86242.1495    42046.3069     9397   51.25%
*     0+    0                        43351.0827    42046.3069             3.01%
*     0+    0                        42153.2313    42046.3069             0.25%
      0     0        cutoff          42153.2313                  10234    0.00%
Elapsed time = 1.80 sec. (2048.39 ticks, tree = 0.01 MB, solutions = 3)

Implied bound cuts applied:  5
Flow cuts applied:  492
Mixed integer rounding cuts applied:  249
Gomory fractional cuts applied:  1

Root node processing (before b&c):
  Real time             =    1.80 sec. (2049.02 ticks)
Sequential b&c:
  Real time             =    0.00 sec. (0.00 ticks)
                          ------------
Total (root+branch&cut) =    1.80 sec. (2049.02 ticks)
SOLVE_END method=NOMINAL robustness=0.0000000000000000 status=Optimal certified=true objective=42153.231324327150 bestBound=42153.231324327150 gap=0.0000000000000000 solveSec=1.810265 selected=8
SOLVE_BEGIN method=CHI_SQUARED robustness=0.050000000000000000 scenarios=60 positiveWeights=60 ess=7.1483005707 threads=1 limitSec=600
Problem
  Name                   : DRO-Extensive   
  Objective sense        : minimize        
  Type                   : CONIC (conic optimization problem)
  Constraints            : 17102           
  Affine conic cons.     : 1 (61 rows)
  Disjunctive cons.      : 0               
  Cones                  : 0               
  Scalar variables       : 16395           
  Matrix variables       : 0               
  Integer variables      : 12              

Optimizer started.
Mixed integer optimizer started.
Threads used: 1
Presolve started.
Presolve terminated. Time = 0.31, probing time =  0.05
Presolved problem: 9052 variables, 9759 constraints, 47678 non-zeros
Presolved problem: 0 general integer, 12 binary, 9040 continuous
Presolved problem: 1 cones
Clique table size: 0
BRANCHES RELAXS   ACT_NDS  DEPTH    BEST_INT_OBJ         BEST_RELAX_OBJ       REL_GAP(%)  TIME  
0        0        1        0        NA                   NA                   NA          0.3   
0        1        1        0        NA                   4.3684502428e+04     NA          1.4   
0        1        1        0        4.3737276036e+04     4.3684502428e+04     0.12        4.3   
Root cut generation started.
0        1        1        0        4.3737276036e+04     4.3684502428e+04     0.12        6.9   
Root cut generation terminated. Time = 1.54
0        4        1        0        4.3737276036e+04     4.3737276036e+04     0.00e+00    8.1   
An optimal solution satisfying the relative gap tolerance of 1.00e-02(%) has been located.
The relative gap is 0.00e+00(%).
An optimal solution satisfying the absolute gap tolerance of 0.00e+00 has been located.
The absolute gap is 0.00e+00.

Objective of best integer solution : 4.373727603596e+04      
Best objective bound               : 4.373727603596e+04      
Initial feasible solution objective: Undefined
Construct solution objective       : Not employed
User objective cut value           : Not employed
Number of cuts generated           : 130
  Number of CMIR cuts              : 44
  Number of implied bound cuts     : 83
  Number of knapsack_cover cuts    : 3
Number of branches                 : 0
Number of relaxations solved       : 4
Number of interior point iterations: 234
Number of simplex iterations       : 0
Time spend presolving the root     : 0.31
Time spend optimizing the root     : 1.04
Mixed integer optimizer terminated. Time: 8.15

Optimizer terminated. Time: 8.16    


Integer solution solution summary
  Problem status  : PRIMAL_FEASIBLE
  Solution status : INTEGER_OPTIMAL
  Primal.  obj: 4.3737276036e+04    nrm: 4e+04    Viol.  con: 3e-04    var: 2e-08    acc: 0e+00    itg: 2e-07  
SOLVE_END method=CHI_SQUARED robustness=0.050000000000000000 status=PrimalFeasible certified=true objective=43737.276035956150 bestBound=43737.276035956130 gap=0.0000000000000000 solveSec=8.573781 selected=8
SOLVE_BEGIN method=NOMINAL robustness=0.0000000000000000 scenarios=100 positiveWeights=100 ess=100.0000000000 threads=1 limitSec=600
Version identifier: 22.1.1.0 | 2022-11-27 | 9160aff4d
CPXPARAM_Threads                                 1
CPXPARAM_TimeLimit                               600
CPXPARAM_MIP_Tolerances_MIPGap                   1e-08
Tried aggregator 1 time.
MIP Presolve eliminated 57 rows and 57 columns.
MIP Presolve modified 5991 coefficients.
Reduced MIP has 16345 rows, 15155 columns, and 65316 nonzeros.
Reduced MIP has 12 binaries, 0 generals, 0 SOSs, and 0 indicators.
Presolve time = 0.08 sec. (50.73 ticks)
Found incumbent of value 78877.450390 after 0.09 sec. (66.98 ticks)
Probing time = 0.02 sec. (2.21 ticks)
Tried aggregator 1 time.
Detecting symmetries...
Reduced MIP has 16345 rows, 15155 columns, and 65316 nonzeros.
Reduced MIP has 12 binaries, 0 generals, 0 SOSs, and 0 indicators.
Presolve time = 0.08 sec. (44.69 ticks)
Probing time = 0.00 sec. (2.21 ticks)
MIP emphasis: balance optimality and feasibility.
MIP search method: dynamic search.
Parallel mode: none, using 1 thread.
Root relaxation solution time = 6.27 sec. (6305.21 ticks)

        Nodes                                         Cuts/
   Node  Left     Objective  IInf  Best Integer    Best Bound    ItCnt     Gap

*     0+    0                        78877.4504     3768.1615            95.22%
      0     0    34610.9242     3    78877.4504    34610.9242    19148   56.12%
*     0+    0                        34772.8401    34610.9242             0.47%
      0     0        cutoff          34772.8401                  20480    0.00%
Elapsed time = 7.14 sec. (7084.37 ticks, tree = 0.01 MB, solutions = 2)

Implied bound cuts applied:  1
Flow cuts applied:  1004
Mixed integer rounding cuts applied:  599

Root node processing (before b&c):
  Real time             =    7.14 sec. (7085.33 ticks)
Sequential b&c:
  Real time             =    0.00 sec. (0.00 ticks)
                          ------------
Total (root+branch&cut) =    7.14 sec. (7085.33 ticks)
SOLVE_END method=NOMINAL robustness=0.0000000000000000 status=Optimal certified=true objective=34772.840112259815 bestBound=34772.840112259815 gap=0.0000000000000000 solveSec=7.146347 selected=7
SOLVE_BEGIN method=NOMINAL robustness=0.0000000000000000 scenarios=60 positiveWeights=60 ess=7.5981926933 threads=1 limitSec=600
Version identifier: 22.1.1.0 | 2022-11-27 | 9160aff4d
CPXPARAM_Threads                                 1
CPXPARAM_TimeLimit                               600
CPXPARAM_MIP_Tolerances_MIPGap                   1e-08
Tried aggregator 1 time.
MIP Presolve eliminated 142 rows and 142 columns.
MIP Presolve modified 2125 coefficients.
Reduced MIP has 9700 rows, 8990 columns, and 38592 nonzeros.
Reduced MIP has 12 binaries, 0 generals, 0 SOSs, and 0 indicators.
Presolve time = 0.05 sec. (24.01 ticks)
Found incumbent of value 68328.410221 after 0.06 sec. (33.57 ticks)
Probing time = 0.00 sec. (1.35 ticks)
Tried aggregator 1 time.
Detecting symmetries...
Reduced MIP has 9700 rows, 8990 columns, and 38592 nonzeros.
Reduced MIP has 12 binaries, 0 generals, 0 SOSs, and 0 indicators.
Presolve time = 0.03 sec. (24.54 ticks)
Probing time = 0.00 sec. (1.35 ticks)
MIP emphasis: balance optimality and feasibility.
MIP search method: dynamic search.
Parallel mode: none, using 1 thread.
Root relaxation solution time = 1.69 sec. (1771.44 ticks)

        Nodes                                         Cuts/
   Node  Left     Objective  IInf  Best Integer    Best Bound    ItCnt     Gap

*     0+    0                        68328.4102     5439.8619            92.04%
      0     0    33282.5915     5    68328.4102    33282.5915     9200   51.29%
*     0+    0                        33749.2578    33282.5915             1.38%
      0     0    33542.1608     6    33749.2578    Cuts: 1395    10282    0.61%
      0     0    33582.1544     6    33749.2578     Cuts: 624    10873    0.50%
      0     0    33585.8973     6    33749.2578     Cuts: 395    11083    0.48%
      0     0    33587.0154     6    33749.2578      Cuts: 89    11192    0.48%
      0     0    33587.5098     6    33749.2578      Cuts: 85    11267    0.48%
Detecting symmetries...
*     0+    0                        33654.7157    33587.5098             0.20%
Detecting symmetries...
      0     2    33587.5098     6    33654.7157    33587.5537    11267    0.20%
Elapsed time = 3.42 sec. (3294.96 ticks, tree = 0.01 MB, solutions = 3)
      2     4    33630.0324     1    33654.7157    33618.7143    13229    0.11%
*     5     1      integral     0    33619.3904    33618.7212    13524    0.00%

Implied bound cuts applied:  2
Flow cuts applied:  668
Mixed integer rounding cuts applied:  677

Root node processing (before b&c):
  Real time             =    3.44 sec. (3292.32 ticks)
Sequential b&c:
  Real time             =    0.39 sec. (378.14 ticks)
                          ------------
Total (root+branch&cut) =    3.83 sec. (3670.46 ticks)
SOLVE_END method=NOMINAL robustness=0.0000000000000000 status=Optimal certified=true objective=33619.390427426610 bestBound=33619.390427426610 gap=0.0000000000000000 solveSec=3.828272 selected=7
SOLVE_BEGIN method=CHI_SQUARED robustness=0.050000000000000000 scenarios=60 positiveWeights=60 ess=7.5981926933 threads=1 limitSec=600
Problem
  Name                   : DRO-Extensive   
  Objective sense        : minimize        
  Type                   : CONIC (conic optimization problem)
  Constraints            : 17102           
  Affine conic cons.     : 1 (61 rows)
  Disjunctive cons.      : 0               
  Cones                  : 0               
  Scalar variables       : 16395           
  Matrix variables       : 0               
  Integer variables      : 12              

Optimizer started.
Mixed integer optimizer started.
Threads used: 1
Presolve started.
Presolve terminated. Time = 0.31, probing time =  0.05
Presolved problem: 9052 variables, 9759 constraints, 47678 non-zeros
Presolved problem: 0 general integer, 12 binary, 9040 continuous
Presolved problem: 1 cones
Clique table size: 0
BRANCHES RELAXS   ACT_NDS  DEPTH    BEST_INT_OBJ         BEST_RELAX_OBJ       REL_GAP(%)  TIME  
0        0        1        0        NA                   NA                   NA          0.4   
0        1        1        0        NA                   3.4884618978e+04     NA          1.3   
0        1        1        0        3.5534626848e+04     3.4884618978e+04     1.83        3.3   
Root cut generation started.
0        1        1        0        3.5534626848e+04     3.4884618978e+04     1.83        5.9   
Root cut generation terminated. Time = 1.69
0        4        1        0        3.5534626763e+04     3.4902330862e+04     1.78        8.8   
15       24       4        3        3.5207987731e+04     3.5072962517e+04     0.38        22.7  
An optimal solution satisfying the relative gap tolerance of 1.00e-02(%) has been located.
The relative gap is 0.00e+00(%).
An optimal solution satisfying the absolute gap tolerance of 0.00e+00 has been located.
The absolute gap is 0.00e+00.

Objective of best integer solution : 3.520798773069e+04      
Best objective bound               : 3.520798773069e+04      
Initial feasible solution objective: Undefined
Construct solution objective       : Not employed
User objective cut value           : Not employed
Number of cuts generated           : 196
  Number of CMIR cuts              : 125
  Number of implied bound cuts     : 71
Number of branches                 : 19
Number of relaxations solved       : 26
Number of interior point iterations: 1422
Number of simplex iterations       : 0
Time spend presolving the root     : 0.31
Time spend optimizing the root     : 1.93
Mixed integer optimizer terminated. Time: 24.73

Optimizer terminated. Time: 24.74   


Integer solution solution summary
  Problem status  : PRIMAL_FEASIBLE
  Solution status : INTEGER_OPTIMAL
  Primal.  obj: 3.5207987731e+04    nrm: 3e+04    Viol.  con: 3e-04    var: 7e-07    acc: 0e+00    itg: 5e-07  
SOLVE_END method=CHI_SQUARED robustness=0.050000000000000000 status=PrimalFeasible certified=true objective=35207.987730693145 bestBound=35207.987730693150 gap=0.0000000000000000 solveSec=24.900674 selected=7
SOLVE_BEGIN method=NOMINAL robustness=0.0000000000000000 scenarios=100 positiveWeights=100 ess=100.0000000000 threads=1 limitSec=600
Version identifier: 22.1.1.0 | 2022-11-27 | 9160aff4d
CPXPARAM_Threads                                 1
CPXPARAM_TimeLimit                               600
CPXPARAM_MIP_Tolerances_MIPGap                   1e-08
Tried aggregator 1 time.
MIP Presolve modified 12011 coefficients.
Reduced MIP has 16402 rows, 15212 columns, and 65624 nonzeros.
Reduced MIP has 12 binaries, 0 generals, 0 SOSs, and 0 indicators.
Presolve time = 0.06 sec. (46.79 ticks)
Found incumbent of value 41835.081517 after 0.09 sec. (63.15 ticks)
Probing time = 0.00 sec. (2.28 ticks)
Tried aggregator 1 time.
Detecting symmetries...
Reduced MIP has 16402 rows, 15212 columns, and 65624 nonzeros.
Reduced MIP has 12 binaries, 0 generals, 0 SOSs, and 0 indicators.
Presolve time = 0.08 sec. (45.65 ticks)
Probing time = 0.00 sec. (2.27 ticks)
MIP emphasis: balance optimality and feasibility.
MIP search method: dynamic search.
Parallel mode: none, using 1 thread.
Root relaxation solution time = 8.83 sec. (8489.62 ticks)

        Nodes                                         Cuts/
   Node  Left     Objective  IInf  Best Integer    Best Bound    ItCnt     Gap

*     0+    0                        41835.0815        0.0000           100.00%
      0     0    12937.5749     8    41835.0815    12937.5749    19652   69.07%
*     0+    0                        24257.3529    12937.5749            46.67%
*     0+    0                        13016.9087    12937.5749             0.61%
      0     0        cutoff          13016.9087                  20976    0.00%
Elapsed time = 9.78 sec. (9505.69 ticks, tree = 0.01 MB, solutions = 3)

Flow cuts applied:  181
Mixed integer rounding cuts applied:  385
Gomory fractional cuts applied:  1

Root node processing (before b&c):
  Real time             =    9.80 sec. (9506.73 ticks)
Sequential b&c:
  Real time             =    0.00 sec. (0.00 ticks)
                          ------------
Total (root+branch&cut) =    9.80 sec. (9506.73 ticks)
SOLVE_END method=NOMINAL robustness=0.0000000000000000 status=Optimal certified=true objective=13016.908714847288 bestBound=13016.908714847288 gap=0.0000000000000000 solveSec=9.800117 selected=3
SOLVE_BEGIN method=NOMINAL robustness=0.0000000000000000 scenarios=60 positiveWeights=60 ess=9.4927594467 threads=1 limitSec=600
Version identifier: 22.1.1.0 | 2022-11-27 | 9160aff4d
CPXPARAM_Threads                                 1
CPXPARAM_TimeLimit                               600
CPXPARAM_MIP_Tolerances_MIPGap                   1e-08
Tried aggregator 1 time.
MIP Presolve eliminated 142 rows and 142 columns.
MIP Presolve modified 2125 coefficients.
Reduced MIP has 9700 rows, 8990 columns, and 38592 nonzeros.
Reduced MIP has 12 binaries, 0 generals, 0 SOSs, and 0 indicators.
Presolve time = 0.03 sec. (24.01 ticks)
Found incumbent of value 194677.709438 after 0.05 sec. (33.57 ticks)
Probing time = 0.00 sec. (1.35 ticks)
Tried aggregator 1 time.
Detecting symmetries...
Reduced MIP has 9700 rows, 8990 columns, and 38592 nonzeros.
Reduced MIP has 12 binaries, 0 generals, 0 SOSs, and 0 indicators.
Presolve time = 0.03 sec. (24.54 ticks)
Probing time = 0.00 sec. (1.35 ticks)
MIP emphasis: balance optimality and feasibility.
MIP search method: dynamic search.
Parallel mode: none, using 1 thread.
Root relaxation solution time = 1.11 sec. (1236.75 ticks)

        Nodes                                         Cuts/
   Node  Left     Objective  IInf  Best Integer    Best Bound    ItCnt     Gap

*     0+    0                       194677.7094    40227.2271            79.34%
      0     0    90389.2125     2   194677.7094    90389.2125    12496   53.57%
*     0+    0                        90459.5551    90389.2125             0.08%
      0     0        cutoff          90459.5551                  12779    0.00%
Elapsed time = 1.36 sec. (1428.75 ticks, tree = 0.01 MB, solutions = 2)

Implied bound cuts applied:  10
Flow cuts applied:  408
Mixed integer rounding cuts applied:  297
Gomory fractional cuts applied:  2

Root node processing (before b&c):
  Real time             =    1.38 sec. (1429.32 ticks)
Sequential b&c:
  Real time             =    0.00 sec. (0.00 ticks)
                          ------------
Total (root+branch&cut) =    1.38 sec. (1429.32 ticks)
SOLVE_END method=NOMINAL robustness=0.0000000000000000 status=Optimal certified=true objective=90459.555120326620 bestBound=90459.555120326620 gap=0.0000000000000000 solveSec=1.377690 selected=9
SOLVE_BEGIN method=CHI_SQUARED robustness=0.050000000000000000 scenarios=60 positiveWeights=60 ess=9.4927594467 threads=1 limitSec=600
Problem
  Name                   : DRO-Extensive   
  Objective sense        : minimize        
  Type                   : CONIC (conic optimization problem)
  Constraints            : 17102           
  Affine conic cons.     : 1 (61 rows)
  Disjunctive cons.      : 0               
  Cones                  : 0               
  Scalar variables       : 16395           
  Matrix variables       : 0               
  Integer variables      : 12              

Optimizer started.
Mixed integer optimizer started.
Threads used: 1
Presolve started.
Presolve terminated. Time = 0.32, probing time =  0.05
Presolved problem: 9052 variables, 9759 constraints, 47678 non-zeros
Presolved problem: 0 general integer, 12 binary, 9040 continuous
Presolved problem: 1 cones
Clique table size: 0
BRANCHES RELAXS   ACT_NDS  DEPTH    BEST_INT_OBJ         BEST_RELAX_OBJ       REL_GAP(%)  TIME  
0        0        1        0        NA                   NA                   NA          0.4   
0        1        1        0        NA                   9.1994289943e+04     NA          1.5   
0        1        1        0        9.2059248001e+04     9.1994289943e+04     0.07        3.1   
Root cut generation started.
0        1        1        0        9.2059248001e+04     9.1994289943e+04     0.07        5.5   
Root cut generation terminated. Time = 1.30
An optimal solution satisfying the relative gap tolerance of 1.00e-02(%) has been located.
The relative gap is 0.00e+00(%).
An optimal solution satisfying the absolute gap tolerance of 0.00e+00 has been located.
The absolute gap is 0.00e+00.

Objective of best integer solution : 9.205924800053e+04      
Best objective bound               : 9.205924800053e+04      
Initial feasible solution objective: Undefined
Construct solution objective       : Not employed
User objective cut value           : Not employed
Number of cuts generated           : 91
  Number of CMIR cuts              : 64
  Number of implied bound cuts     : 27
Number of branches                 : 3
Number of relaxations solved       : 7
Number of interior point iterations: 353
Number of simplex iterations       : 0
Time spend presolving the root     : 0.32
Time spend optimizing the root     : 1.62
Mixed integer optimizer terminated. Time: 8.12

Optimizer terminated. Time: 8.14    


Integer solution solution summary
  Problem status  : PRIMAL_FEASIBLE
  Solution status : INTEGER_OPTIMAL
  Primal.  obj: 9.2059248001e+04    nrm: 9e+04    Viol.  con: 5e-05    var: 6e-07    acc: 0e+00    itg: 8e-09  
SOLVE_END method=CHI_SQUARED robustness=0.050000000000000000 status=PrimalFeasible certified=true objective=92059.248000528820 bestBound=92059.248000528880 gap=0.0000000000000000 solveSec=8.270875 selected=9
SOLVE_BEGIN method=NOMINAL robustness=0.0000000000000000 scenarios=100 positiveWeights=100 ess=100.0000000000 threads=1 limitSec=600
Version identifier: 22.1.1.0 | 2022-11-27 | 9160aff4d
CPXPARAM_Threads                                 1
CPXPARAM_TimeLimit                               600
CPXPARAM_MIP_Tolerances_MIPGap                   1e-08
Tried aggregator 1 time.
MIP Presolve eliminated 348 rows and 348 columns.
MIP Presolve modified 956 coefficients.
Reduced MIP has 16054 rows, 14864 columns, and 63835 nonzeros.
Reduced MIP has 12 binaries, 0 generals, 0 SOSs, and 0 indicators.
Presolve time = 0.06 sec. (38.44 ticks)
Found incumbent of value 203379.340055 after 0.09 sec. (54.04 ticks)
Probing time = 0.00 sec. (2.25 ticks)
Cover probing fixed 0 vars, tightened 3 bounds.
Tried aggregator 1 time.
Detecting symmetries...
Reduced MIP has 16054 rows, 14864 columns, and 63835 nonzeros.
Reduced MIP has 12 binaries, 0 generals, 0 SOSs, and 0 indicators.
Presolve time = 0.06 sec. (43.57 ticks)
Probing time = 0.02 sec. (2.24 ticks)
MIP emphasis: balance optimality and feasibility.
MIP search method: dynamic search.
Parallel mode: none, using 1 thread.
Root relaxation solution time = 5.89 sec. (5938.74 ticks)

        Nodes                                         Cuts/
   Node  Left     Objective  IInf  Best Integer    Best Bound    ItCnt     Gap

*     0+    0                       203379.3401    49674.4320            75.58%
      0     0   100188.5945     2   203379.3401   100188.5945    21244   50.74%
*     0+    0                       100349.1341   100188.5945             0.16%
      0     0        cutoff         100349.1341                  22721    0.00%
Elapsed time = 7.02 sec. (6910.23 ticks, tree = 0.01 MB, solutions = 2)

Implied bound cuts applied:  13
Flow cuts applied:  820
Mixed integer rounding cuts applied:  652
Gomory fractional cuts applied:  2

Root node processing (before b&c):
  Real time             =    7.02 sec. (6911.18 ticks)
Sequential b&c:
  Real time             =    0.00 sec. (0.00 ticks)
                          ------------
Total (root+branch&cut) =    7.02 sec. (6911.18 ticks)
SOLVE_END method=NOMINAL robustness=0.0000000000000000 status=Optimal certified=true objective=100349.13408594037 bestBound=100349.13408594037 gap=0.0000000000000000 solveSec=7.018545 selected=9
