SOLVE_BEGIN method=NOMINAL robustness=0.0000000000000000 scenarios=1 positiveWeights=1 ess=1.0000000000 threads=1 limitSec=600
Version identifier: 22.1.1.0 | 2022-11-27 | 9160aff4d
CPXPARAM_Threads                                 1
CPXPARAM_TimeLimit                               600
CPXPARAM_MIP_Tolerances_MIPGap                   1e-08
Tried aggregator 1 time.
Reduced MIP has 166 rows, 164 columns, and 680 nonzeros.
Reduced MIP has 12 binaries, 0 generals, 0 SOSs, and 0 indicators.
Presolve time = 0.01 sec. (0.28 ticks)
Found incumbent of value 105709.937768 after 0.01 sec. (0.45 ticks)
Probing time = 0.00 sec. (0.02 ticks)
Tried aggregator 1 time.
Detecting symmetries...
Reduced MIP has 166 rows, 164 columns, and 680 nonzeros.
Reduced MIP has 12 binaries, 0 generals, 0 SOSs, and 0 indicators.
Presolve time = 0.00 sec. (0.34 ticks)
Probing time = 0.00 sec. (0.02 ticks)
MIP emphasis: balance optimality and feasibility.
MIP search method: dynamic search.
Parallel mode: none, using 1 thread.
Root relaxation solution time = 0.00 sec. (0.77 ticks)

        Nodes                                         Cuts/
   Node  Left     Objective  IInf  Best Integer    Best Bound    ItCnt     Gap

*     0+    0                       105709.9378        0.0000           100.00%
      0     0    63233.1801     7   105709.9378    63233.1801       92   40.18%
*     0+    0                        70409.9328    63233.1801            10.19%
      0     0    64147.8516     6    70409.9328      Cuts: 41      148    8.89%
*     0+    0                        65598.0600    64147.8516             2.21%
      0     0    64377.9618     5    65598.0600      Cuts: 33      177    1.86%
*     0+    0                        65381.3122    64377.9618             1.53%
      0     0    64396.1856     4    65381.3122      Cuts: 19      182    1.51%
      0     0    64397.7457     4    65381.3122    MIRcuts: 2      184    1.50%
*     0+    0                        65342.7873    64397.7457             1.45%
*     0+    0                        64718.6397    64397.7457             0.50%
Detecting symmetries...
      0     2    64397.7457     4    64718.6397    64398.8940      184    0.49%
Elapsed time = 0.03 sec. (11.97 ticks, tree = 0.01 MB, solutions = 6)

Implied bound cuts applied:  1
Flow cuts applied:  18
Mixed integer rounding cuts applied:  22
Gomory fractional cuts applied:  1

Root node processing (before b&c):
  Real time             =    0.03 sec. (11.95 ticks)
Sequential b&c:
  Real time             =    0.00 sec. (1.22 ticks)
                          ------------
Total (root+branch&cut) =    0.03 sec. (13.16 ticks)
SOLVE_END method=NOMINAL robustness=0.0000000000000000 status=Optimal certified=true objective=64718.639659727810 bestBound=64718.639659727810 gap=0.0000000000000000 solveSec=0.027718 selected=8
SOLVE_BEGIN method=NOMINAL robustness=0.0000000000000000 scenarios=60 positiveWeights=60 ess=60.0000000000 threads=1 limitSec=600
Version identifier: 22.1.1.0 | 2022-11-27 | 9160aff4d
CPXPARAM_Threads                                 1
CPXPARAM_TimeLimit                               600
CPXPARAM_MIP_Tolerances_MIPGap                   1e-08
Tried aggregator 1 time.
MIP Presolve eliminated 139 rows and 139 columns.
MIP Presolve modified 1997 coefficients.
Reduced MIP has 9703 rows, 8993 columns, and 38568 nonzeros.
Reduced MIP has 12 binaries, 0 generals, 0 SOSs, and 0 indicators.
Presolve time = 0.02 sec. (23.19 ticks)
Found incumbent of value 157171.033713 after 0.03 sec. (32.76 ticks)
Probing time = 0.00 sec. (1.35 ticks)
Tried aggregator 1 time.
Detecting symmetries...
Reduced MIP has 9703 rows, 8993 columns, and 38568 nonzeros.
Reduced MIP has 12 binaries, 0 generals, 0 SOSs, and 0 indicators.
Presolve time = 0.03 sec. (25.21 ticks)
Probing time = 0.00 sec. (1.35 ticks)
MIP emphasis: balance optimality and feasibility.
MIP search method: dynamic search.
Parallel mode: none, using 1 thread.
Root relaxation solution time = 0.88 sec. (1873.94 ticks)

        Nodes                                         Cuts/
   Node  Left     Objective  IInf  Best Integer    Best Bound    ItCnt     Gap

*     0+    0                       157171.0337    38961.6155            75.21%
      0     0    96315.8665     4   157171.0337    96315.8665    13796   38.72%
*     0+    0                        96575.1901    96315.8665             0.27%
      0     0        cutoff          96575.1901                  14521    0.00%
Elapsed time = 1.11 sec. (2215.56 ticks, tree = 0.01 MB, solutions = 2)

Implied bound cuts applied:  7
Flow cuts applied:  614
Mixed integer rounding cuts applied:  458
Gomory fractional cuts applied:  1

Root node processing (before b&c):
  Real time             =    1.11 sec. (2216.14 ticks)
Sequential b&c:
  Real time             =    0.00 sec. (0.00 ticks)
                          ------------
Total (root+branch&cut) =    1.11 sec. (2216.14 ticks)
SOLVE_END method=NOMINAL robustness=0.0000000000000000 status=Optimal certified=true objective=96575.190073442670 bestBound=96575.190073442690 gap=0.0000000000000000 solveSec=1.111765 selected=9
SOLVE_BEGIN method=NOMINAL robustness=0.0000000000000000 scenarios=60 positiveWeights=60 ess=7.1483005707 threads=1 limitSec=600
Version identifier: 22.1.1.0 | 2022-11-27 | 9160aff4d
CPXPARAM_Threads                                 1
CPXPARAM_TimeLimit                               600
CPXPARAM_MIP_Tolerances_MIPGap                   1e-08
Tried aggregator 1 time.
MIP Presolve eliminated 139 rows and 139 columns.
MIP Presolve modified 1997 coefficients.
Reduced MIP has 9703 rows, 8993 columns, and 38568 nonzeros.
Reduced MIP has 12 binaries, 0 generals, 0 SOSs, and 0 indicators.
Presolve time = 0.02 sec. (23.19 ticks)
Found incumbent of value 85188.274494 after 0.03 sec. (32.76 ticks)
Probing time = 0.00 sec. (1.35 ticks)
Tried aggregator 1 time.
Detecting symmetries...
Reduced MIP has 9703 rows, 8993 columns, and 38568 nonzeros.
Reduced MIP has 12 binaries, 0 generals, 0 SOSs, and 0 indicators.
Presolve time = 0.01 sec. (24.51 ticks)
Probing time = 0.00 sec. (1.35 ticks)
MIP emphasis: balance optimality and feasibility.
MIP search method: dynamic search.
Parallel mode: none, using 1 thread.
Root relaxation solution time = 0.97 sec. (1691.14 ticks)

        Nodes                                         Cuts/
   Node  Left     Objective  IInf  Best Integer    Best Bound    ItCnt     Gap

*     0+    0                        85188.2745     9371.9478            89.00%
      0     0    49815.2027     4    85188.2745    49815.2027     9213   41.52%
*     0+    0                        50120.7682    49815.2027             0.61%
*     0     0      integral     0    50032.6215    Cuts: 1179    10120    0.00%
      0     0        cutoff          50032.6215    50032.6215    10120    0.00%
Elapsed time = 1.39 sec. (2092.25 ticks, tree = 0.01 MB, solutions = 3)

Implied bound cuts applied:  15
Flow cuts applied:  568
Mixed integer rounding cuts applied:  481
Gomory fractional cuts applied:  1

Root node processing (before b&c):
  Real time             =    1.39 sec. (2092.89 ticks)
Sequential b&c:
  Real time             =    0.00 sec. (0.00 ticks)
                          ------------
Total (root+branch&cut) =    1.39 sec. (2092.89 ticks)
SOLVE_END method=NOMINAL robustness=0.0000000000000000 status=Optimal certified=true objective=50032.621541545624 bestBound=50032.621541545624 gap=0.0000000000000000 solveSec=1.399429 selected=8
SOLVE_BEGIN method=CHI_SQUARED robustness=0.050000000000000000 scenarios=60 positiveWeights=60 ess=7.1483005707 threads=1 limitSec=600
Problem
  Name                   : DRO-Extensive   
  Objective sense        : minimize        
  Type                   : CONIC (conic optimization problem)
  Constraints            : 17102           
  Affine conic cons.     : 1 (61 rows)
  Disjunctive cons.      : 0               
  Cones                  : 0               
  Scalar variables       : 16395           
  Matrix variables       : 0               
  Integer variables      : 12              

Optimizer started.
Mixed integer optimizer started.
Threads used: 1
Presolve started.
Presolve terminated. Time = 0.27, probing time =  0.04
Presolved problem: 9055 variables, 9762 constraints, 47657 non-zeros
Presolved problem: 0 general integer, 12 binary, 9043 continuous
Presolved problem: 1 cones
Clique table size: 0
BRANCHES RELAXS   ACT_NDS  DEPTH    BEST_INT_OBJ         BEST_RELAX_OBJ       REL_GAP(%)  TIME  
0        0        1        0        NA                   NA                   NA          0.3   
0        1        1        0        NA                   5.1885915107e+04     NA          1.3   
0        1        1        0        5.2285752414e+04     5.1885915107e+04     0.76        3.3   
Root cut generation started.
0        1        1        0        5.2285752414e+04     5.1885915107e+04     0.76        6.0   
Root cut generation terminated. Time = 1.63
7        18       8        2        5.2285752414e+04     5.2044861280e+04     0.46        16.4  
15       30       8        6        5.2285752414e+04     5.2044861280e+04     0.46        21.0  
23       36       0        3        5.2132592055e+04     5.2132592055e+04     0.00e+00    23.3  
An optimal solution satisfying the relative gap tolerance of 1.00e-02(%) has been located.
The relative gap is 0.00e+00(%).
An optimal solution satisfying the absolute gap tolerance of 0.00e+00 has been located.
The absolute gap is 0.00e+00.

Objective of best integer solution : 5.213259205452e+04      
Best objective bound               : 5.213259205452e+04      
Initial feasible solution objective: Undefined
Construct solution objective       : Not employed
User objective cut value           : Not employed
Number of cuts generated           : 264
  Number of CMIR cuts              : 160
  Number of implied bound cuts     : 104
Number of branches                 : 23
Number of relaxations solved       : 36
Number of interior point iterations: 1883
Number of simplex iterations       : 0
Time spend presolving the root     : 0.27
Time spend optimizing the root     : 1.71
Mixed integer optimizer terminated. Time: 23.31

Optimizer terminated. Time: 23.33   


Integer solution solution summary
  Problem status  : PRIMAL_FEASIBLE
  Solution status : INTEGER_OPTIMAL
  Primal.  obj: 5.2132592055e+04    nrm: 5e+04    Viol.  con: 1e-06    var: 2e-07    acc: 0e+00    itg: 0e+00  
SOLVE_END method=CHI_SQUARED robustness=0.050000000000000000 status=PrimalFeasible certified=true objective=52132.592054524040 bestBound=52132.592054524030 gap=0.0000000000000000 solveSec=23.746934 selected=8
SOLVE_BEGIN method=NOMINAL robustness=0.0000000000000000 scenarios=100 positiveWeights=100 ess=100.0000000000 threads=1 limitSec=600
Version identifier: 22.1.1.0 | 2022-11-27 | 9160aff4d
CPXPARAM_Threads                                 1
CPXPARAM_TimeLimit                               600
CPXPARAM_MIP_Tolerances_MIPGap                   1e-08
Tried aggregator 1 time.
MIP Presolve eliminated 106 rows and 106 columns.
MIP Presolve modified 5498 coefficients.
Reduced MIP has 16296 rows, 15106 columns, and 65070 nonzeros.
Reduced MIP has 12 binaries, 0 generals, 0 SOSs, and 0 indicators.
Presolve time = 0.05 sec. (43.23 ticks)
Found incumbent of value 79224.065157 after 0.09 sec. (59.44 ticks)
Probing time = 0.02 sec. (2.19 ticks)
Tried aggregator 1 time.
Detecting symmetries...
Reduced MIP has 16296 rows, 15106 columns, and 65070 nonzeros.
Reduced MIP has 12 binaries, 0 generals, 0 SOSs, and 0 indicators.
Presolve time = 0.05 sec. (44.56 ticks)
Probing time = 0.00 sec. (2.18 ticks)
MIP emphasis: balance optimality and feasibility.
MIP search method: dynamic search.
Parallel mode: none, using 1 thread.
Root relaxation solution time = 5.83 sec. (6393.68 ticks)

        Nodes                                         Cuts/
   Node  Left     Objective  IInf  Best Integer    Best Bound    ItCnt     Gap

*     0+    0                        79224.0652     4194.1015            94.71%
      0     0    40028.1397     3    79224.0652    40028.1397    17251   49.47%
*     0+    0                        42577.7277    40028.1397             5.99%
*     0+    0                        40172.0883    40028.1397             0.36%
      0     0        cutoff          40172.0883                  18304    0.00%
Elapsed time = 6.77 sec. (7292.46 ticks, tree = 0.01 MB, solutions = 3)

Implied bound cuts applied:  32
Flow cuts applied:  664
Mixed integer rounding cuts applied:  478

Root node processing (before b&c):
  Real time             =    6.78 sec. (7293.51 ticks)
Sequential b&c:
  Real time             =    0.00 sec. (0.00 ticks)
                          ------------
Total (root+branch&cut) =    6.78 sec. (7293.51 ticks)
SOLVE_END method=NOMINAL robustness=0.0000000000000000 status=Optimal certified=true objective=40172.088329611266 bestBound=40172.088329611320 gap=0.0000000000000000 solveSec=6.779849 selected=6
SOLVE_BEGIN method=NOMINAL robustness=0.0000000000000000 scenarios=60 positiveWeights=60 ess=7.5981926933 threads=1 limitSec=600
Version identifier: 22.1.1.0 | 2022-11-27 | 9160aff4d
CPXPARAM_Threads                                 1
CPXPARAM_TimeLimit                               600
CPXPARAM_MIP_Tolerances_MIPGap                   1e-08
Tried aggregator 1 time.
MIP Presolve eliminated 139 rows and 139 columns.
MIP Presolve modified 1997 coefficients.
Reduced MIP has 9703 rows, 8993 columns, and 38568 nonzeros.
Reduced MIP has 12 binaries, 0 generals, 0 SOSs, and 0 indicators.
Presolve time = 0.03 sec. (23.19 ticks)
Found incumbent of value 60221.068781 after 0.05 sec. (32.76 ticks)
Probing time = 0.02 sec. (1.35 ticks)
Tried aggregator 1 time.
Detecting symmetries...
Reduced MIP has 9703 rows, 8993 columns, and 38568 nonzeros.
Reduced MIP has 12 binaries, 0 generals, 0 SOSs, and 0 indicators.
Presolve time = 0.03 sec. (24.51 ticks)
Probing time = 0.00 sec. (1.35 ticks)
MIP emphasis: balance optimality and feasibility.
MIP search method: dynamic search.
Parallel mode: none, using 1 thread.
Root relaxation solution time = 1.52 sec. (1559.89 ticks)

        Nodes                                         Cuts/
   Node  Left     Objective  IInf  Best Integer    Best Bound    ItCnt     Gap

*     0+    0                        60221.0688     6645.9681            88.96%
      0     0    37895.6120     4    60221.0688    37895.6120     8140   37.07%
*     0+    0                        39799.2696    37895.6120             4.78%
*     0+    0                        38016.9842    37895.6120             0.32%
      0     0    37979.8892     1    38016.9842    Cuts: 1048     8888    0.10%
      0     0        cutoff          38016.9842                   9092    0.00%
Elapsed time = 2.06 sec. (2080.30 ticks, tree = 0.01 MB, solutions = 3)

Implied bound cuts applied:  14
Flow cuts applied:  545
Mixed integer rounding cuts applied:  462
Gomory fractional cuts applied:  1

Root node processing (before b&c):
  Real time             =    2.08 sec. (2080.94 ticks)
Sequential b&c:
  Real time             =    0.00 sec. (0.00 ticks)
                          ------------
Total (root+branch&cut) =    2.08 sec. (2080.94 ticks)
SOLVE_END method=NOMINAL robustness=0.0000000000000000 status=Optimal certified=true objective=38016.984177150240 bestBound=38016.984177150240 gap=0.0000000000000000 solveSec=2.073053 selected=6
SOLVE_BEGIN method=CHI_SQUARED robustness=0.050000000000000000 scenarios=60 positiveWeights=60 ess=7.5981926933 threads=1 limitSec=600
Problem
  Name                   : DRO-Extensive   
  Objective sense        : minimize        
  Type                   : CONIC (conic optimization problem)
  Constraints            : 17102           
  Affine conic cons.     : 1 (61 rows)
  Disjunctive cons.      : 0               
  Cones                  : 0               
  Scalar variables       : 16395           
  Matrix variables       : 0               
  Integer variables      : 12              

Optimizer started.
Mixed integer optimizer started.
Threads used: 1
Presolve started.
Presolve terminated. Time = 0.29, probing time =  0.05
Presolved problem: 9055 variables, 9762 constraints, 47657 non-zeros
Presolved problem: 0 general integer, 12 binary, 9043 continuous
Presolved problem: 1 cones
Clique table size: 0
BRANCHES RELAXS   ACT_NDS  DEPTH    BEST_INT_OBJ         BEST_RELAX_OBJ       REL_GAP(%)  TIME  
0        0        1        0        NA                   NA                   NA          0.3   
0        1        1        0        NA                   4.0029912139e+04     NA          1.6   
0        1        1        0        4.0245140550e+04     4.0029912139e+04     0.53        5.1   
Root cut generation started.
0        1        1        0        4.0245140550e+04     4.0029912139e+04     0.53        8.0   
Root cut generation terminated. Time = 1.65
0        4        1        0        4.0245140516e+04     4.0041433340e+04     0.51        10.8  
7        14       4        2        4.0190471588e+04     4.0148439777e+04     0.10        18.3  
11       19       0        3        4.0175644025e+04     4.0175644025e+04     0.00e+00    20.9  
An optimal solution satisfying the relative gap tolerance of 1.00e-02(%) has been located.
The relative gap is 0.00e+00(%).
An optimal solution satisfying the absolute gap tolerance of 0.00e+00 has been located.
The absolute gap is 0.00e+00.

Objective of best integer solution : 4.017564402513e+04      
Best objective bound               : 4.017564402513e+04      
Initial feasible solution objective: Undefined
Construct solution objective       : Not employed
User objective cut value           : Not employed
Number of cuts generated           : 186
  Number of CMIR cuts              : 119
  Number of implied bound cuts     : 67
Number of branches                 : 11
Number of relaxations solved       : 19
Number of interior point iterations: 1285
Number of simplex iterations       : 0
Time spend presolving the root     : 0.29
Time spend optimizing the root     : 2.05
Mixed integer optimizer terminated. Time: 20.95

Optimizer terminated. Time: 20.96   


Integer solution solution summary
  Problem status  : PRIMAL_FEASIBLE
  Solution status : INTEGER_OPTIMAL
  Primal.  obj: 4.0175644025e+04    nrm: 4e+04    Viol.  con: 1e-03    var: 4e-05    acc: 0e+00    itg: 2e-07  
SOLVE_END method=CHI_SQUARED robustness=0.050000000000000000 status=PrimalFeasible certified=true objective=40175.644025128040 bestBound=40175.644025128060 gap=0.0000000000000000 solveSec=21.104762 selected=7
SOLVE_BEGIN method=NOMINAL robustness=0.0000000000000000 scenarios=100 positiveWeights=100 ess=100.0000000000 threads=1 limitSec=600
Version identifier: 22.1.1.0 | 2022-11-27 | 9160aff4d
CPXPARAM_Threads                                 1
CPXPARAM_TimeLimit                               600
CPXPARAM_MIP_Tolerances_MIPGap                   1e-08
Tried aggregator 1 time.
MIP Presolve modified 11695 coefficients.
Reduced MIP has 16402 rows, 15212 columns, and 65624 nonzeros.
Reduced MIP has 12 binaries, 0 generals, 0 SOSs, and 0 indicators.
Presolve time = 0.05 sec. (46.82 ticks)
Found incumbent of value 36072.791460 after 0.09 sec. (63.20 ticks)
Probing time = 0.00 sec. (2.25 ticks)
Tried aggregator 1 time.
Detecting symmetries...
Reduced MIP has 16402 rows, 15212 columns, and 65624 nonzeros.
Reduced MIP has 12 binaries, 0 generals, 0 SOSs, and 0 indicators.
Presolve time = 0.05 sec. (45.61 ticks)
Probing time = 0.02 sec. (2.25 ticks)
MIP emphasis: balance optimality and feasibility.
MIP search method: dynamic search.
Parallel mode: none, using 1 thread.
Root relaxation solution time = 5.94 sec. (6346.00 ticks)

        Nodes                                         Cuts/
   Node  Left     Objective  IInf  Best Integer    Best Bound    ItCnt     Gap

*     0+    0                        36072.7915        0.0000           100.00%
      0     0    14767.7237     5    36072.7915    14767.7237    14697   59.06%
*     0+    0                        18356.1909    14767.7237            19.55%
*     0+    0                        15544.4304    14767.7237             5.00%
      0     0    15081.4338     3    15544.4304     Cuts: 832    15493    2.98%
      0     0    15083.6188     3    15544.4304     Cuts: 127    15612    2.96%
      0     0    15083.8799     3    15544.4304   MIRcuts: 36    15658    2.96%
      0     0    15083.9055     3    15544.4304    MIRcuts: 4    15664    2.96%
*     0+    0                        15185.7858    15083.9055             0.67%
Detecting symmetries...
      0     2    15083.9055     3    15185.7858    15084.1707    15664    0.67%
Elapsed time = 7.80 sec. (8102.87 ticks, tree = 0.01 MB, solutions = 4)
      1     1        cutoff          15185.7858    15084.2577    16860    0.67%

Flow cuts applied:  332
Mixed integer rounding cuts applied:  432
Gomory fractional cuts applied:  2

Root node processing (before b&c):
  Real time             =    7.81 sec. (8098.47 ticks)
Sequential b&c:
  Real time             =    0.50 sec. (529.65 ticks)
                          ------------
Total (root+branch&cut) =    8.31 sec. (8628.12 ticks)
SOLVE_END method=NOMINAL robustness=0.0000000000000000 status=Optimal certified=true objective=15185.785771378585 bestBound=15185.785771378585 gap=0.0000000000000000 solveSec=8.314581 selected=4
SOLVE_BEGIN method=NOMINAL robustness=0.0000000000000000 scenarios=60 positiveWeights=60 ess=9.4927594467 threads=1 limitSec=600
Version identifier: 22.1.1.0 | 2022-11-27 | 9160aff4d
CPXPARAM_Threads                                 1
CPXPARAM_TimeLimit                               600
CPXPARAM_MIP_Tolerances_MIPGap                   1e-08
Tried aggregator 1 time.
MIP Presolve eliminated 139 rows and 139 columns.
MIP Presolve modified 1997 coefficients.
Reduced MIP has 9703 rows, 8993 columns, and 38568 nonzeros.
Reduced MIP has 12 binaries, 0 generals, 0 SOSs, and 0 indicators.
Presolve time = 0.03 sec. (23.19 ticks)
Found incumbent of value 219206.195107 after 0.05 sec. (32.76 ticks)
Probing time = 0.00 sec. (1.35 ticks)
Tried aggregator 1 time.
Detecting symmetries...
Reduced MIP has 9703 rows, 8993 columns, and 38568 nonzeros.
Reduced MIP has 12 binaries, 0 generals, 0 SOSs, and 0 indicators.
Presolve time = 0.03 sec. (24.52 ticks)
Probing time = 0.00 sec. (1.35 ticks)
MIP emphasis: balance optimality and feasibility.
MIP search method: dynamic search.
Parallel mode: none, using 1 thread.
Root relaxation solution time = 1.16 sec. (1289.58 ticks)

        Nodes                                         Cuts/
   Node  Left     Objective  IInf  Best Integer    Best Bound    ItCnt     Gap

*     0+    0                       219206.1951    55901.7944            74.50%
      0     0   127990.1503     2   219206.1951   127990.1503    12806   41.61%
*     0+    0                       128090.1589   127990.1503             0.08%
      0     0        cutoff         128090.1589                  12995    0.00%
Elapsed time = 1.30 sec. (1415.93 ticks, tree = 0.01 MB, solutions = 2)

Root node processing (before b&c):
  Real time             =    1.30 sec. (1416.48 ticks)
Sequential b&c:
  Real time             =    0.00 sec. (0.00 ticks)
                          ------------
Total (root+branch&cut) =    1.30 sec. (1416.48 ticks)
SOLVE_END method=NOMINAL robustness=0.0000000000000000 status=Optimal certified=true objective=128090.15892105838 bestBound=128090.15892105838 gap=0.0000000000000000 solveSec=1.301319 selected=9
SOLVE_BEGIN method=CHI_SQUARED robustness=0.050000000000000000 scenarios=60 positiveWeights=60 ess=9.4927594467 threads=1 limitSec=600
Problem
  Name                   : DRO-Extensive   
  Objective sense        : minimize        
  Type                   : CONIC (conic optimization problem)
  Constraints            : 17102           
  Affine conic cons.     : 1 (61 rows)
  Disjunctive cons.      : 0               
  Cones                  : 0               
  Scalar variables       : 16395           
  Matrix variables       : 0               
  Integer variables      : 12              

Optimizer started.
Mixed integer optimizer started.
Threads used: 1
Presolve started.
Presolve terminated. Time = 0.31, probing time =  0.05
Presolved problem: 9055 variables, 9762 constraints, 47657 non-zeros
Presolved problem: 0 general integer, 12 binary, 9043 continuous
Presolved problem: 1 cones
Clique table size: 0
BRANCHES RELAXS   ACT_NDS  DEPTH    BEST_INT_OBJ         BEST_RELAX_OBJ       REL_GAP(%)  TIME  
0        0        1        0        NA                   NA                   NA          0.4   
0        1        1        0        NA                   1.3048688038e+05     NA          1.5   
0        1        1        0        1.3058724071e+05     1.3048688038e+05     0.08        4.3   
Root cut generation started.
Root cut generation terminated. Time = 0.00
An optimal solution satisfying the relative gap tolerance of 1.00e-02(%) has been located.
The relative gap is 0.00e+00(%).
An optimal solution satisfying the absolute gap tolerance of 0.00e+00 has been located.
The absolute gap is 0.00e+00.

Objective of best integer solution : 1.305872407137e+05      
Best objective bound               : 1.305872407137e+05      
Initial feasible solution objective: Undefined
Construct solution objective       : Not employed
User objective cut value           : Not employed
Number of cuts generated           : 0
Number of branches                 : 0
Number of relaxations solved       : 3
Number of interior point iterations: 148
Number of simplex iterations       : 0
Time spend presolving the root     : 0.31
Time spend optimizing the root     : 1.10
Mixed integer optimizer terminated. Time: 5.53

Optimizer terminated. Time: 5.54    


Integer solution solution summary
  Problem status  : PRIMAL_FEASIBLE
  Solution status : INTEGER_OPTIMAL
  Primal.  obj: 1.3058724071e+05    nrm: 1e+05    Viol.  con: 2e-03    var: 3e-08    acc: 0e+00    itg: 2e-08  
SOLVE_END method=CHI_SQUARED robustness=0.050000000000000000 status=PrimalFeasible certified=true objective=130587.24071374614 bestBound=130587.24071374613 gap=0.0000000000000000 solveSec=5.660302 selected=9
SOLVE_BEGIN method=NOMINAL robustness=0.0000000000000000 scenarios=100 positiveWeights=100 ess=100.0000000000 threads=1 limitSec=600
Version identifier: 22.1.1.0 | 2022-11-27 | 9160aff4d
CPXPARAM_Threads                                 1
CPXPARAM_TimeLimit                               600
CPXPARAM_MIP_Tolerances_MIPGap                   1e-08
Tried aggregator 1 time.
MIP Presolve eliminated 298 rows and 298 columns.
MIP Presolve modified 1484 coefficients.
Reduced MIP has 16104 rows, 14914 columns, and 63882 nonzeros.
Reduced MIP has 12 binaries, 0 generals, 0 SOSs, and 0 indicators.
Presolve time = 0.05 sec. (38.46 ticks)
Found incumbent of value 206194.123809 after 0.06 sec. (54.10 ticks)
Probing time = 0.02 sec. (2.24 ticks)
Tried aggregator 1 time.
Detecting symmetries...
Reduced MIP has 16104 rows, 14914 columns, and 63882 nonzeros.
Reduced MIP has 12 binaries, 0 generals, 0 SOSs, and 0 indicators.
Presolve time = 0.05 sec. (43.67 ticks)
Probing time = 0.00 sec. (2.24 ticks)
MIP emphasis: balance optimality and feasibility.
MIP search method: dynamic search.
Parallel mode: none, using 1 thread.
Root relaxation solution time = 6.53 sec. (6604.64 ticks)

        Nodes                                         Cuts/
   Node  Left     Objective  IInf  Best Integer    Best Bound    ItCnt     Gap

*     0+    0                       206194.1238    48149.1924            76.65%
      0     0   117869.1801     3   206194.1238   117869.1801    21242   42.84%
*     0+    0                       117973.8315   117869.1801             0.09%
      0     0        cutoff         117973.8315                  21953    0.00%
Elapsed time = 7.38 sec. (7271.30 ticks, tree = 0.01 MB, solutions = 2)

Implied bound cuts applied:  42
Flow cuts applied:  1001
Mixed integer rounding cuts applied:  1072
Gomory fractional cuts applied:  2

Root node processing (before b&c):
  Real time             =    7.38 sec. (7272.27 ticks)
Sequential b&c:
  Real time             =    0.00 sec. (0.00 ticks)
                          ------------
Total (root+branch&cut) =    7.38 sec. (7272.27 ticks)
SOLVE_END method=NOMINAL robustness=0.0000000000000000 status=Optimal certified=true objective=117973.83148526003 bestBound=117973.83148526003 gap=0.0000000000000000 solveSec=7.391080 selected=9
