SOLVE_BEGIN method=NOMINAL robustness=0.0000000000000000 scenarios=1 positiveWeights=1 ess=1.0000000000 threads=1 limitSec=600
Version identifier: 22.1.1.0 | 2022-11-27 | 9160aff4d
CPXPARAM_Threads                                 1
CPXPARAM_TimeLimit                               600
CPXPARAM_MIP_Tolerances_MIPGap                   1e-08
Tried aggregator 1 time.
Reduced MIP has 166 rows, 164 columns, and 680 nonzeros.
Reduced MIP has 12 binaries, 0 generals, 0 SOSs, and 0 indicators.
Presolve time = 0.00 sec. (0.28 ticks)
Found incumbent of value 101610.565858 after 0.02 sec. (0.45 ticks)
Probing time = 0.00 sec. (0.02 ticks)
Tried aggregator 1 time.
Detecting symmetries...
Reduced MIP has 166 rows, 164 columns, and 680 nonzeros.
Reduced MIP has 12 binaries, 0 generals, 0 SOSs, and 0 indicators.
Presolve time = 0.00 sec. (0.34 ticks)
Probing time = 0.00 sec. (0.02 ticks)
MIP emphasis: balance optimality and feasibility.
MIP search method: dynamic search.
Parallel mode: none, using 1 thread.
Root relaxation solution time = 0.00 sec. (0.85 ticks)

        Nodes                                         Cuts/
   Node  Left     Objective  IInf  Best Integer    Best Bound    ItCnt     Gap

*     0+    0                       101610.5659        0.0000           100.00%
      0     0    63233.1801     7   101610.5659    63233.1801       98   37.77%
*     0+    0                        68885.8573    63233.1801             8.21%
      0     0    63860.7768     5    68885.8573      Cuts: 41      146    7.29%
*     0+    0                        64994.2529    63860.7768             1.74%
      0     0    64147.0141     5    64994.2529      Cuts: 29      185    1.30%
*     0+    0                        64864.8531    64147.0141             1.11%
      0     0    64172.4283     6    64864.8531      Cuts: 18      201    1.07%
      0     0    64177.5826     6    64864.8531       Cuts: 9      206    1.06%
      0     0    64177.8669     6    64864.8531   Flowcuts: 2      207    1.06%
Detecting symmetries...
*     0+    0                        64534.4027    64177.8669             0.55%
Detecting symmetries...
      0     2    64177.8669     6    64534.4027    64225.9746      207    0.48%
Elapsed time = 0.05 sec. (13.11 ticks, tree = 0.01 MB, solutions = 5)
*     6     3      integral     0    64508.6061    64456.3405      346    0.08%

Implied bound cuts applied:  1
Flow cuts applied:  14
Mixed integer rounding cuts applied:  18
Gomory fractional cuts applied:  2

Root node processing (before b&c):
  Real time             =    0.06 sec. (13.08 ticks)
Sequential b&c:
  Real time             =    0.00 sec. (2.21 ticks)
                          ------------
Total (root+branch&cut) =    0.06 sec. (15.29 ticks)
SOLVE_END method=NOMINAL robustness=0.0000000000000000 status=Optimal certified=true objective=64508.606120808836 bestBound=64508.606120808836 gap=0.0000000000000000 solveSec=0.062386 selected=8
SOLVE_BEGIN method=NOMINAL robustness=0.0000000000000000 scenarios=60 positiveWeights=60 ess=60.0000000000 threads=1 limitSec=600
Version identifier: 22.1.1.0 | 2022-11-27 | 9160aff4d
CPXPARAM_Threads                                 1
CPXPARAM_TimeLimit                               600
CPXPARAM_MIP_Tolerances_MIPGap                   1e-08
Tried aggregator 1 time.
MIP Presolve eliminated 139 rows and 139 columns.
MIP Presolve modified 1997 coefficients.
Reduced MIP has 9703 rows, 8993 columns, and 38568 nonzeros.
Reduced MIP has 12 binaries, 0 generals, 0 SOSs, and 0 indicators.
Presolve time = 0.03 sec. (23.19 ticks)
Found incumbent of value 142670.576580 after 0.05 sec. (32.76 ticks)
Probing time = 0.00 sec. (1.35 ticks)
Tried aggregator 1 time.
Detecting symmetries...
Reduced MIP has 9703 rows, 8993 columns, and 38568 nonzeros.
Reduced MIP has 12 binaries, 0 generals, 0 SOSs, and 0 indicators.
Presolve time = 0.06 sec. (25.21 ticks)
Probing time = 0.00 sec. (1.35 ticks)
MIP emphasis: balance optimality and feasibility.
MIP search method: dynamic search.
Parallel mode: none, using 1 thread.
Root relaxation solution time = 1.19 sec. (1834.80 ticks)

        Nodes                                         Cuts/
   Node  Left     Objective  IInf  Best Integer    Best Bound    ItCnt     Gap

*     0+    0                       142670.5766    35593.6084            75.05%
      0     0    90784.8296     4   142670.5766    90784.8296    12600   36.37%
*     0+    0                        91085.7119    90784.8296             0.33%
      0     0        cutoff          91085.7119                  13186    0.00%
Elapsed time = 1.51 sec. (2141.94 ticks, tree = 0.01 MB, solutions = 2)

Implied bound cuts applied:  6
Flow cuts applied:  517
Mixed integer rounding cuts applied:  601
Gomory fractional cuts applied:  1

Root node processing (before b&c):
  Real time             =    1.53 sec. (2142.52 ticks)
Sequential b&c:
  Real time             =    0.00 sec. (0.00 ticks)
                          ------------
Total (root+branch&cut) =    1.53 sec. (2142.52 ticks)
SOLVE_END method=NOMINAL robustness=0.0000000000000000 status=Optimal certified=true objective=91085.711925132300 bestBound=91085.711925132320 gap=0.0000000000000000 solveSec=1.531298 selected=9
SOLVE_BEGIN method=NOMINAL robustness=0.0000000000000000 scenarios=60 positiveWeights=60 ess=7.1483005707 threads=1 limitSec=600
Version identifier: 22.1.1.0 | 2022-11-27 | 9160aff4d
CPXPARAM_Threads                                 1
CPXPARAM_TimeLimit                               600
CPXPARAM_MIP_Tolerances_MIPGap                   1e-08
Tried aggregator 1 time.
MIP Presolve eliminated 139 rows and 139 columns.
MIP Presolve modified 1997 coefficients.
Reduced MIP has 9703 rows, 8993 columns, and 38568 nonzeros.
Reduced MIP has 12 binaries, 0 generals, 0 SOSs, and 0 indicators.
Presolve time = 0.02 sec. (23.19 ticks)
Found incumbent of value 79396.527072 after 0.06 sec. (32.76 ticks)
Probing time = 0.00 sec. (1.35 ticks)
Tried aggregator 1 time.
Detecting symmetries...
Reduced MIP has 9703 rows, 8993 columns, and 38568 nonzeros.
Reduced MIP has 12 binaries, 0 generals, 0 SOSs, and 0 indicators.
Presolve time = 0.03 sec. (24.51 ticks)
Probing time = 0.00 sec. (1.35 ticks)
MIP emphasis: balance optimality and feasibility.
MIP search method: dynamic search.
Parallel mode: none, using 1 thread.
Root relaxation solution time = 1.41 sec. (1556.56 ticks)

        Nodes                                         Cuts/
   Node  Left     Objective  IInf  Best Integer    Best Bound    ItCnt     Gap

*     0+    0                        79396.5271     8574.7091            89.20%
      0     0    47830.1919     4    79396.5271    47830.1919     8373   39.76%
*     0+    0                        48871.5656    47830.1919             2.13%
*     0+    0                        47905.4862    47830.1919             0.16%
      0     0        cutoff          47905.4862                   8710    0.00%
Elapsed time = 1.77 sec. (1858.54 ticks, tree = 0.01 MB, solutions = 3)

Implied bound cuts applied:  15
Flow cuts applied:  501
Mixed integer rounding cuts applied:  396
Gomory fractional cuts applied:  2

Root node processing (before b&c):
  Real time             =    1.78 sec. (1859.18 ticks)
Sequential b&c:
  Real time             =    0.00 sec. (0.00 ticks)
                          ------------
Total (root+branch&cut) =    1.78 sec. (1859.18 ticks)
SOLVE_END method=NOMINAL robustness=0.0000000000000000 status=Optimal certified=true objective=47905.486216766300 bestBound=47905.486216766300 gap=0.0000000000000000 solveSec=1.779851 selected=7
SOLVE_BEGIN method=CHI_SQUARED robustness=0.050000000000000000 scenarios=60 positiveWeights=60 ess=7.1483005707 threads=1 limitSec=600
Problem
  Name                   : DRO-Extensive   
  Objective sense        : minimize        
  Type                   : CONIC (conic optimization problem)
  Constraints            : 17102           
  Affine conic cons.     : 1 (61 rows)
  Disjunctive cons.      : 0               
  Cones                  : 0               
  Scalar variables       : 16395           
  Matrix variables       : 0               
  Integer variables      : 12              

Optimizer started.
Mixed integer optimizer started.
Threads used: 1
Presolve started.
Presolve terminated. Time = 0.33, probing time =  0.05
Presolved problem: 9055 variables, 9762 constraints, 47657 non-zeros
Presolved problem: 0 general integer, 12 binary, 9043 continuous
Presolved problem: 1 cones
Clique table size: 0
BRANCHES RELAXS   ACT_NDS  DEPTH    BEST_INT_OBJ         BEST_RELAX_OBJ       REL_GAP(%)  TIME  
0        0        1        0        NA                   NA                   NA          0.4   
0        1        1        0        NA                   4.9759877950e+04     NA          1.7   
0        1        1        0        4.9885265246e+04     4.9759877950e+04     0.25        3.8   
Root cut generation started.
0        1        1        0        4.9885265246e+04     4.9759877950e+04     0.25        6.7   
Root cut generation terminated. Time = 1.62
5        12       2        2        4.9885265246e+04     4.9831144078e+04     0.11        15.0  
11       19       0        5        4.9885265219e+04     4.9885265219e+04     0.00e+00    16.5  
An optimal solution satisfying the relative gap tolerance of 1.00e-02(%) has been located.
The relative gap is 0.00e+00(%).
An optimal solution satisfying the absolute gap tolerance of 0.00e+00 has been located.
The absolute gap is 0.00e+00.

Objective of best integer solution : 4.988526521869e+04      
Best objective bound               : 4.988526521869e+04      
Initial feasible solution objective: Undefined
Construct solution objective       : Not employed
User objective cut value           : Not employed
Number of cuts generated           : 198
  Number of CMIR cuts              : 110
  Number of implied bound cuts     : 87
  Number of knapsack_cover cuts    : 1
Number of branches                 : 11
Number of relaxations solved       : 19
Number of interior point iterations: 1079
Number of simplex iterations       : 0
Time spend presolving the root     : 0.33
Time spend optimizing the root     : 2.26
Mixed integer optimizer terminated. Time: 16.48

Optimizer terminated. Time: 16.50   


Integer solution solution summary
  Problem status  : PRIMAL_FEASIBLE
  Solution status : INTEGER_OPTIMAL
  Primal.  obj: 4.9885265219e+04    nrm: 5e+04    Viol.  con: 6e-05    var: 5e-05    acc: 0e+00    itg: 0e+00  
SOLVE_END method=CHI_SQUARED robustness=0.050000000000000000 status=PrimalFeasible certified=true objective=49885.265218687400 bestBound=49885.265218687404 gap=0.0000000000000000 solveSec=17.048060 selected=7
SOLVE_BEGIN method=NOMINAL robustness=0.0000000000000000 scenarios=100 positiveWeights=100 ess=100.0000000000 threads=1 limitSec=600
Version identifier: 22.1.1.0 | 2022-11-27 | 9160aff4d
CPXPARAM_Threads                                 1
CPXPARAM_TimeLimit                               600
CPXPARAM_MIP_Tolerances_MIPGap                   1e-08
Tried aggregator 1 time.
MIP Presolve eliminated 106 rows and 106 columns.
MIP Presolve modified 5498 coefficients.
Reduced MIP has 16296 rows, 15106 columns, and 65070 nonzeros.
Reduced MIP has 12 binaries, 0 generals, 0 SOSs, and 0 indicators.
Presolve time = 0.06 sec. (43.23 ticks)
Found incumbent of value 74146.945683 after 0.09 sec. (59.44 ticks)
Probing time = 0.00 sec. (2.19 ticks)
Tried aggregator 1 time.
Detecting symmetries...
Reduced MIP has 16296 rows, 15106 columns, and 65070 nonzeros.
Reduced MIP has 12 binaries, 0 generals, 0 SOSs, and 0 indicators.
Presolve time = 0.06 sec. (44.56 ticks)
Probing time = 0.00 sec. (2.18 ticks)
MIP emphasis: balance optimality and feasibility.
MIP search method: dynamic search.
Parallel mode: none, using 1 thread.
Root relaxation solution time = 5.66 sec. (6070.15 ticks)

        Nodes                                         Cuts/
   Node  Left     Objective  IInf  Best Integer    Best Bound    ItCnt     Gap

*     0+    0                        74146.9457     3847.1991            94.81%
      0     0    38895.5643     1    74146.9457    38895.5643    17219   47.54%
*     0+    0                        39650.8722    38895.5643             1.90%
*     0+    0                        38908.2172    38895.5643             0.03%
      0     0        cutoff          38908.2172                  17355    0.00%
Elapsed time = 6.17 sec. (6505.80 ticks, tree = 0.01 MB, solutions = 3)

Flow cuts applied:  565
Mixed integer rounding cuts applied:  231
Gomory fractional cuts applied:  1

Root node processing (before b&c):
  Real time             =    6.17 sec. (6506.84 ticks)
Sequential b&c:
  Real time             =    0.00 sec. (0.00 ticks)
                          ------------
Total (root+branch&cut) =    6.17 sec. (6506.84 ticks)
SOLVE_END method=NOMINAL robustness=0.0000000000000000 status=Optimal certified=true objective=38908.217198593550 bestBound=38908.217198593586 gap=0.0000000000000000 solveSec=6.180217 selected=6
SOLVE_BEGIN method=NOMINAL robustness=0.0000000000000000 scenarios=60 positiveWeights=60 ess=7.5981926933 threads=1 limitSec=600
Version identifier: 22.1.1.0 | 2022-11-27 | 9160aff4d
CPXPARAM_Threads                                 1
CPXPARAM_TimeLimit                               600
CPXPARAM_MIP_Tolerances_MIPGap                   1e-08
Tried aggregator 1 time.
MIP Presolve eliminated 139 rows and 139 columns.
MIP Presolve modified 1997 coefficients.
Reduced MIP has 9703 rows, 8993 columns, and 38568 nonzeros.
Reduced MIP has 12 binaries, 0 generals, 0 SOSs, and 0 indicators.
Presolve time = 0.03 sec. (23.19 ticks)
Found incumbent of value 56767.009207 after 0.05 sec. (32.76 ticks)
Probing time = 0.02 sec. (1.35 ticks)
Tried aggregator 1 time.
Detecting symmetries...
Reduced MIP has 9703 rows, 8993 columns, and 38568 nonzeros.
Reduced MIP has 12 binaries, 0 generals, 0 SOSs, and 0 indicators.
Presolve time = 0.03 sec. (24.51 ticks)
Probing time = 0.00 sec. (1.35 ticks)
MIP emphasis: balance optimality and feasibility.
MIP search method: dynamic search.
Parallel mode: none, using 1 thread.
Root relaxation solution time = 1.14 sec. (1216.77 ticks)

        Nodes                                         Cuts/
   Node  Left     Objective  IInf  Best Integer    Best Bound    ItCnt     Gap

*     0+    0                        56767.0092     6087.3118            89.28%
      0     0    35864.3483     3    56767.0092    35864.3483     7123   36.82%
*     0+    0                        37778.5730    35864.3483             5.07%
*     0+    0                        36003.0801    35864.3483             0.39%
      0     0        cutoff          36003.0801                   7890    0.00%
Elapsed time = 1.58 sec. (1626.94 ticks, tree = 0.01 MB, solutions = 3)

Implied bound cuts applied:  6
Flow cuts applied:  500
Mixed integer rounding cuts applied:  323
Gomory fractional cuts applied:  2

Root node processing (before b&c):
  Real time             =    1.59 sec. (1627.57 ticks)
Sequential b&c:
  Real time             =    0.00 sec. (0.00 ticks)
                          ------------
Total (root+branch&cut) =    1.59 sec. (1627.57 ticks)
SOLVE_END method=NOMINAL robustness=0.0000000000000000 status=Optimal certified=true objective=36003.080063900170 bestBound=36003.080063900170 gap=0.0000000000000000 solveSec=1.594476 selected=6
SOLVE_BEGIN method=CHI_SQUARED robustness=0.050000000000000000 scenarios=60 positiveWeights=60 ess=7.5981926933 threads=1 limitSec=600
Problem
  Name                   : DRO-Extensive   
  Objective sense        : minimize        
  Type                   : CONIC (conic optimization problem)
  Constraints            : 17102           
  Affine conic cons.     : 1 (61 rows)
  Disjunctive cons.      : 0               
  Cones                  : 0               
  Scalar variables       : 16395           
  Matrix variables       : 0               
  Integer variables      : 12              

Optimizer started.
Mixed integer optimizer started.
Threads used: 1
Presolve started.
Presolve terminated. Time = 0.30, probing time =  0.04
Presolved problem: 9055 variables, 9762 constraints, 47657 non-zeros
Presolved problem: 0 general integer, 12 binary, 9043 continuous
Presolved problem: 1 cones
Clique table size: 0
BRANCHES RELAXS   ACT_NDS  DEPTH    BEST_INT_OBJ         BEST_RELAX_OBJ       REL_GAP(%)  TIME  
0        0        1        0        NA                   NA                   NA          0.3   
0        1        1        0        NA                   3.7875309144e+04     NA          1.7   
0        1        1        0        3.7980346106e+04     3.7875309144e+04     0.28        5.9   
Root cut generation started.
0        1        1        0        3.7980346106e+04     3.7875309144e+04     0.28        8.9   
Root cut generation terminated. Time = 1.64
0        4        1        0        3.7980346070e+04     3.7893497793e+04     0.23        13.2  
An optimal solution satisfying the relative gap tolerance of 1.00e-02(%) has been located.
The relative gap is 0.00e+00(%).
An optimal solution satisfying the absolute gap tolerance of 0.00e+00 has been located.
The absolute gap is 0.00e+00.

Objective of best integer solution : 3.798034607010e+04      
Best objective bound               : 3.798034607010e+04      
Initial feasible solution objective: Undefined
Construct solution objective       : Not employed
User objective cut value           : Not employed
Number of cuts generated           : 165
  Number of CMIR cuts              : 90
  Number of implied bound cuts     : 74
  Number of knapsack_cover cuts    : 1
Number of branches                 : 7
Number of relaxations solved       : 13
Number of interior point iterations: 963
Number of simplex iterations       : 0
Time spend presolving the root     : 0.30
Time spend optimizing the root     : 2.26
Mixed integer optimizer terminated. Time: 20.28

Optimizer terminated. Time: 20.30   


Integer solution solution summary
  Problem status  : PRIMAL_FEASIBLE
  Solution status : INTEGER_OPTIMAL
  Primal.  obj: 3.7980346070e+04    nrm: 4e+04    Viol.  con: 1e-07    var: 2e-08    acc: 0e+00    itg: 5e-10  
SOLVE_END method=CHI_SQUARED robustness=0.050000000000000000 status=PrimalFeasible certified=true objective=37980.346070097860 bestBound=37980.346070097860 gap=0.0000000000000000 solveSec=20.436334 selected=6
SOLVE_BEGIN method=NOMINAL robustness=0.0000000000000000 scenarios=100 positiveWeights=100 ess=100.0000000000 threads=1 limitSec=600
Version identifier: 22.1.1.0 | 2022-11-27 | 9160aff4d
CPXPARAM_Threads                                 1
CPXPARAM_TimeLimit                               600
CPXPARAM_MIP_Tolerances_MIPGap                   1e-08
Tried aggregator 1 time.
MIP Presolve modified 11695 coefficients.
Reduced MIP has 16402 rows, 15212 columns, and 65624 nonzeros.
Reduced MIP has 12 binaries, 0 generals, 0 SOSs, and 0 indicators.
Presolve time = 0.06 sec. (46.82 ticks)
Found incumbent of value 35244.139866 after 0.09 sec. (63.20 ticks)
Probing time = 0.00 sec. (2.25 ticks)
Tried aggregator 1 time.
Detecting symmetries...
Reduced MIP has 16402 rows, 15212 columns, and 65624 nonzeros.
Reduced MIP has 12 binaries, 0 generals, 0 SOSs, and 0 indicators.
Presolve time = 0.08 sec. (45.61 ticks)
Probing time = 0.00 sec. (2.25 ticks)
MIP emphasis: balance optimality and feasibility.
MIP search method: dynamic search.
Parallel mode: none, using 1 thread.
Root relaxation solution time = 5.98 sec. (6178.04 ticks)

        Nodes                                         Cuts/
   Node  Left     Objective  IInf  Best Integer    Best Bound    ItCnt     Gap

*     0+    0                        35244.1399        0.0000           100.00%
      0     0    14518.5901     4    35244.1399    14518.5901    14319   58.81%
*     0+    0                        16448.1196    14518.5901            11.73%
*     0+    0                        14995.3503    14518.5901             3.18%
      0     0    14803.9658     4    14995.3503     Cuts: 958    15575    1.28%
      0     0    14808.5451     4    14995.3503      Cuts: 78    15730    1.25%
      0     0    14808.8950     4    14995.3503      Cuts: 71    15764    1.24%
      0     0    14808.9158     4    14995.3503      Cuts: 12    15777    1.24%
*     0+    0                        14981.7818    14808.9158             1.15%
Detecting symmetries...
      0     2    14808.9158     4    14981.7818    14809.0085    15777    1.15%
Elapsed time = 8.02 sec. (8031.28 ticks, tree = 0.01 MB, solutions = 4)
      2     2        cutoff          14981.7818    14860.4709    17622    0.81%
      3     1        cutoff          14981.7818    14860.4709    18348    0.81%

Flow cuts applied:  311
Mixed integer rounding cuts applied:  453
Gomory fractional cuts applied:  3

Root node processing (before b&c):
  Real time             =    8.02 sec. (8026.68 ticks)
Sequential b&c:
  Real time             =    0.89 sec. (881.65 ticks)
                          ------------
Total (root+branch&cut) =    8.91 sec. (8908.32 ticks)
SOLVE_END method=NOMINAL robustness=0.0000000000000000 status=Optimal certified=true objective=14981.781800460089 bestBound=14981.781800460089 gap=0.0000000000000000 solveSec=8.915466 selected=4
SOLVE_BEGIN method=NOMINAL robustness=0.0000000000000000 scenarios=60 positiveWeights=60 ess=9.4927594467 threads=1 limitSec=600
Version identifier: 22.1.1.0 | 2022-11-27 | 9160aff4d
CPXPARAM_Threads                                 1
CPXPARAM_TimeLimit                               600
CPXPARAM_MIP_Tolerances_MIPGap                   1e-08
Tried aggregator 1 time.
MIP Presolve eliminated 139 rows and 139 columns.
MIP Presolve modified 1997 coefficients.
Reduced MIP has 9703 rows, 8993 columns, and 38568 nonzeros.
Reduced MIP has 12 binaries, 0 generals, 0 SOSs, and 0 indicators.
Presolve time = 0.03 sec. (23.19 ticks)
Found incumbent of value 196403.074358 after 0.05 sec. (32.76 ticks)
Probing time = 0.00 sec. (1.35 ticks)
Tried aggregator 1 time.
Detecting symmetries...
Reduced MIP has 9703 rows, 8993 columns, and 38568 nonzeros.
Reduced MIP has 12 binaries, 0 generals, 0 SOSs, and 0 indicators.
Presolve time = 0.03 sec. (24.52 ticks)
Probing time = 0.00 sec. (1.35 ticks)
MIP emphasis: balance optimality and feasibility.
MIP search method: dynamic search.
Parallel mode: none, using 1 thread.
Root relaxation solution time = 0.91 sec. (1010.37 ticks)

        Nodes                                         Cuts/
   Node  Left     Objective  IInf  Best Integer    Best Bound    ItCnt     Gap

*     0+    0                       196403.0744    51049.6307            74.01%
      0     0   119858.4769     2   196403.0744   119858.4769    10808   38.97%
*     0+    0                       119901.6613   119858.4769             0.04%
      0     0        cutoff         119901.6613                  11038    0.00%
Elapsed time = 1.08 sec. (1144.05 ticks, tree = 0.01 MB, solutions = 2)

Root node processing (before b&c):
  Real time             =    1.09 sec. (1144.60 ticks)
Sequential b&c:
  Real time             =    0.00 sec. (0.00 ticks)
                          ------------
Total (root+branch&cut) =    1.09 sec. (1144.60 ticks)
SOLVE_END method=NOMINAL robustness=0.0000000000000000 status=Optimal certified=true objective=119901.66129699437 bestBound=119901.66129699437 gap=0.0000000000000000 solveSec=1.087680 selected=9
SOLVE_BEGIN method=CHI_SQUARED robustness=0.050000000000000000 scenarios=60 positiveWeights=60 ess=9.4927594467 threads=1 limitSec=600
Problem
  Name                   : DRO-Extensive   
  Objective sense        : minimize        
  Type                   : CONIC (conic optimization problem)
  Constraints            : 17102           
  Affine conic cons.     : 1 (61 rows)
  Disjunctive cons.      : 0               
  Cones                  : 0               
  Scalar variables       : 16395           
  Matrix variables       : 0               
  Integer variables      : 12              

Optimizer started.
Mixed integer optimizer started.
Threads used: 1
Presolve started.
Presolve terminated. Time = 0.31, probing time =  0.05
Presolved problem: 9055 variables, 9762 constraints, 47657 non-zeros
Presolved problem: 0 general integer, 12 binary, 9043 continuous
Presolved problem: 1 cones
Clique table size: 0
BRANCHES RELAXS   ACT_NDS  DEPTH    BEST_INT_OBJ         BEST_RELAX_OBJ       REL_GAP(%)  TIME  
0        0        1        0        NA                   NA                   NA          0.4   
0        1        1        0        NA                   1.2206775587e+05     NA          1.5   
0        1        1        0        1.2211052078e+05     1.2206775587e+05     0.04        4.3   
Root cut generation started.
Root cut generation terminated. Time = 0.00
An optimal solution satisfying the relative gap tolerance of 1.00e-02(%) has been located.
The relative gap is 0.00e+00(%).
An optimal solution satisfying the absolute gap tolerance of 0.00e+00 has been located.
The absolute gap is 0.00e+00.

Objective of best integer solution : 1.221105207760e+05      
Best objective bound               : 1.221105207760e+05      
Initial feasible solution objective: Undefined
Construct solution objective       : Not employed
User objective cut value           : Not employed
Number of cuts generated           : 0
Number of branches                 : 0
Number of relaxations solved       : 3
Number of interior point iterations: 148
Number of simplex iterations       : 0
Time spend presolving the root     : 0.31
Time spend optimizing the root     : 1.13
Mixed integer optimizer terminated. Time: 5.50

Optimizer terminated. Time: 5.51    


Integer solution solution summary
  Problem status  : PRIMAL_FEASIBLE
  Solution status : INTEGER_OPTIMAL
  Primal.  obj: 1.2211052078e+05    nrm: 1e+05    Viol.  con: 2e-04    var: 4e-06    acc: 0e+00    itg: 4e-09  
SOLVE_END method=CHI_SQUARED robustness=0.050000000000000000 status=PrimalFeasible certified=true objective=122110.52077601234 bestBound=122110.52077601233 gap=0.0000000000000000 solveSec=5.636140 selected=9
SOLVE_BEGIN method=NOMINAL robustness=0.0000000000000000 scenarios=100 positiveWeights=100 ess=100.0000000000 threads=1 limitSec=600
Version identifier: 22.1.1.0 | 2022-11-27 | 9160aff4d
CPXPARAM_Threads                                 1
CPXPARAM_TimeLimit                               600
CPXPARAM_MIP_Tolerances_MIPGap                   1e-08
Tried aggregator 1 time.
MIP Presolve eliminated 298 rows and 298 columns.
MIP Presolve modified 1484 coefficients.
Reduced MIP has 16104 rows, 14914 columns, and 63882 nonzeros.
Reduced MIP has 12 binaries, 0 generals, 0 SOSs, and 0 indicators.
Presolve time = 0.05 sec. (38.46 ticks)
Found incumbent of value 185549.914140 after 0.08 sec. (54.10 ticks)
Probing time = 0.00 sec. (2.24 ticks)
Tried aggregator 1 time.
Detecting symmetries...
Reduced MIP has 16104 rows, 14914 columns, and 63882 nonzeros.
Reduced MIP has 12 binaries, 0 generals, 0 SOSs, and 0 indicators.
Presolve time = 0.06 sec. (43.67 ticks)
Probing time = 0.00 sec. (2.24 ticks)
MIP emphasis: balance optimality and feasibility.
MIP search method: dynamic search.
Parallel mode: none, using 1 thread.
Root relaxation solution time = 6.30 sec. (5983.55 ticks)

        Nodes                                         Cuts/
   Node  Left     Objective  IInf  Best Integer    Best Bound    ItCnt     Gap

*     0+    0                       185549.9141    44100.8220            76.23%
      0     0   111326.3698     4   185549.9141   111326.3698    24325   40.00%
*     0+    0                       111470.0095   111326.3698             0.13%
      0     0        cutoff         111470.0095                  25460    0.00%
Elapsed time = 7.45 sec. (6905.86 ticks, tree = 0.01 MB, solutions = 2)

Implied bound cuts applied:  25
Flow cuts applied:  954
Mixed integer rounding cuts applied:  1248
Gomory fractional cuts applied:  1

Root node processing (before b&c):
  Real time             =    7.45 sec. (6906.84 ticks)
Sequential b&c:
  Real time             =    0.00 sec. (0.00 ticks)
                          ------------
Total (root+branch&cut) =    7.45 sec. (6906.84 ticks)
SOLVE_END method=NOMINAL robustness=0.0000000000000000 status=Optimal certified=true objective=111470.00954083283 bestBound=111470.00954083283 gap=0.0000000000000000 solveSec=7.465493 selected=9
