SOLVE_BEGIN method=NOMINAL robustness=0.0000000000000000 scenarios=1 positiveWeights=1 ess=1.0000000000 threads=1 limitSec=600
Version identifier: 22.1.1.0 | 2022-11-27 | 9160aff4d
CPXPARAM_Threads                                 1
CPXPARAM_TimeLimit                               600
CPXPARAM_MIP_Tolerances_MIPGap                   1e-08
Tried aggregator 1 time.
Reduced MIP has 202 rows, 200 columns, and 845 nonzeros.
Reduced MIP has 15 binaries, 0 generals, 0 SOSs, and 0 indicators.
Presolve time = 0.00 sec. (0.35 ticks)
Found incumbent of value 107663.526247 after 0.02 sec. (0.55 ticks)
Probing time = 0.00 sec. (0.03 ticks)
Tried aggregator 1 time.
Detecting symmetries...
Reduced MIP has 202 rows, 200 columns, and 845 nonzeros.
Reduced MIP has 15 binaries, 0 generals, 0 SOSs, and 0 indicators.
Presolve time = 0.00 sec. (0.42 ticks)
Probing time = 0.00 sec. (0.03 ticks)
MIP emphasis: balance optimality and feasibility.
MIP search method: dynamic search.
Parallel mode: none, using 1 thread.
Root relaxation solution time = 0.00 sec. (1.23 ticks)

        Nodes                                         Cuts/
   Node  Left     Objective  IInf  Best Integer    Best Bound    ItCnt     Gap

*     0+    0                       107663.5262        0.0000           100.00%
      0     0    46210.4930     6   107663.5262    46210.4930      112   57.08%
*     0+    0                        51341.6856    46210.4930             9.99%
*     0+    0                        47656.5146    46210.4930             3.03%
      0     0    46810.4228     7    47656.5146      Cuts: 41      197    1.78%
      0     0    46918.0071    10    47656.5146      Cuts: 41      252    1.55%
      0     0    47012.1137     5    47656.5146      Cuts: 25      284    1.35%
*     0+    0                        47052.8196    47012.1137             0.09%
      0     0    47019.1942     1    47052.8196      Cuts: 12      297    0.07%
      0     0    47019.6406     7    47052.8196       Cuts: 8      304    0.07%
Detecting symmetries...
      0     0    47020.7239     7    47052.8196    MIRcuts: 3      310    0.07%
Detecting symmetries...
      0     2    47020.7239     7    47052.8196    47020.7333      310    0.07%
Elapsed time = 0.05 sec. (18.31 ticks, tree = 0.01 MB, solutions = 4)

Flow cuts applied:  11
Mixed integer rounding cuts applied:  25

Root node processing (before b&c):
  Real time             =    0.05 sec. (18.31 ticks)
Sequential b&c:
  Real time             =    0.00 sec. (0.34 ticks)
                          ------------
Total (root+branch&cut) =    0.05 sec. (18.66 ticks)
SOLVE_END method=NOMINAL robustness=0.0000000000000000 status=Optimal certified=true objective=47052.819593289690 bestBound=47052.819593289690 gap=0.0000000000000000 solveSec=0.046638 selected=8
SOLVE_BEGIN method=NOMINAL robustness=0.0000000000000000 scenarios=30 positiveWeights=30 ess=30.0000000000 threads=1 limitSec=600
Version identifier: 22.1.1.0 | 2022-11-27 | 9160aff4d
CPXPARAM_Threads                                 1
CPXPARAM_TimeLimit                               600
CPXPARAM_MIP_Tolerances_MIPGap                   1e-08
Tried aggregator 1 time.
MIP Presolve eliminated 42 rows and 42 columns.
MIP Presolve modified 1605 coefficients.
Reduced MIP has 5960 rows, 5523 columns, and 24180 nonzeros.
Reduced MIP has 15 binaries, 0 generals, 0 SOSs, and 0 indicators.
Presolve time = 0.02 sec. (11.57 ticks)
Found incumbent of value 129534.866378 after 0.03 sec. (17.44 ticks)
Probing time = 0.00 sec. (0.82 ticks)
Tried aggregator 1 time.
Detecting symmetries...
Reduced MIP has 5960 rows, 5523 columns, and 24180 nonzeros.
Reduced MIP has 15 binaries, 0 generals, 0 SOSs, and 0 indicators.
Presolve time = 0.02 sec. (13.95 ticks)
Probing time = 0.00 sec. (0.82 ticks)
MIP emphasis: balance optimality and feasibility.
MIP search method: dynamic search.
Parallel mode: none, using 1 thread.
Root relaxation solution time = 0.42 sec. (715.26 ticks)

        Nodes                                         Cuts/
   Node  Left     Objective  IInf  Best Integer    Best Bound    ItCnt     Gap

*     0+    0                       129534.8664    18660.3006            85.59%
      0     0    69205.6842     2   129534.8664    69205.6842     6447   46.57%
*     0+    0                        69210.8204    69205.6842             0.01%
      0     0        cutoff          69210.8204                   6451    0.00%
Elapsed time = 0.53 sec. (792.93 ticks, tree = 0.01 MB, solutions = 2)

Root node processing (before b&c):
  Real time             =    0.53 sec. (793.26 ticks)
Sequential b&c:
  Real time             =    0.00 sec. (0.00 ticks)
                          ------------
Total (root+branch&cut) =    0.53 sec. (793.26 ticks)
SOLVE_END method=NOMINAL robustness=0.0000000000000000 status=Optimal certified=true objective=69210.820445452670 bestBound=69210.820445452690 gap=0.0000000000000000 solveSec=0.524913 selected=11
SOLVE_BEGIN method=NOMINAL robustness=0.0000000000000000 scenarios=30 positiveWeights=30 ess=6.7418741018 threads=1 limitSec=600
Version identifier: 22.1.1.0 | 2022-11-27 | 9160aff4d
CPXPARAM_Threads                                 1
CPXPARAM_TimeLimit                               600
CPXPARAM_MIP_Tolerances_MIPGap                   1e-08
Tried aggregator 1 time.
MIP Presolve eliminated 42 rows and 42 columns.
MIP Presolve modified 1605 coefficients.
Reduced MIP has 5960 rows, 5523 columns, and 24180 nonzeros.
Reduced MIP has 15 binaries, 0 generals, 0 SOSs, and 0 indicators.
Presolve time = 0.02 sec. (11.57 ticks)
Found incumbent of value 232473.071058 after 0.03 sec. (17.44 ticks)
Probing time = 0.00 sec. (0.82 ticks)
Tried aggregator 1 time.
Detecting symmetries...
Reduced MIP has 5960 rows, 5523 columns, and 24180 nonzeros.
Reduced MIP has 15 binaries, 0 generals, 0 SOSs, and 0 indicators.
Presolve time = 0.02 sec. (13.56 ticks)
Probing time = 0.00 sec. (0.82 ticks)
MIP emphasis: balance optimality and feasibility.
MIP search method: dynamic search.
Parallel mode: none, using 1 thread.
Root relaxation solution time = 0.23 sec. (354.79 ticks)

        Nodes                                         Cuts/
   Node  Left     Objective  IInf  Best Integer    Best Bound    ItCnt     Gap

*     0+    0                       232473.0711    62659.0221            73.05%
      0     0   133036.5983     3   232473.0711   133036.5983     7143   42.77%
*     0+    0                       133066.7859   133036.5983             0.02%
      0     0        cutoff         133066.7859                   7287    0.00%
Elapsed time = 0.34 sec. (457.64 ticks, tree = 0.01 MB, solutions = 2)

Flow cuts applied:  257
Mixed integer rounding cuts applied:  208
Gomory fractional cuts applied:  2

Root node processing (before b&c):
  Real time             =    0.34 sec. (457.99 ticks)
Sequential b&c:
  Real time             =    0.00 sec. (0.00 ticks)
                          ------------
Total (root+branch&cut) =    0.34 sec. (457.99 ticks)
SOLVE_END method=NOMINAL robustness=0.0000000000000000 status=Optimal certified=true objective=133066.78585946967 bestBound=133066.78585946967 gap=0.0000000000000000 solveSec=0.352985 selected=11
SOLVE_BEGIN method=CHI_SQUARED robustness=0.050000000000000000 scenarios=30 positiveWeights=30 ess=6.7418741018 threads=1 limitSec=600
Problem
  Name                   : DRO-Extensive   
  Objective sense        : minimize        
  Type                   : CONIC (conic optimization problem)
  Constraints            : 10532           
  Affine conic cons.     : 1 (31 rows)
  Disjunctive cons.      : 0               
  Cones                  : 0               
  Scalar variables       : 10098           
  Matrix variables       : 0               
  Integer variables      : 15              

Optimizer started.
Mixed integer optimizer started.
Threads used: 1
Presolve started.
Presolve terminated. Time = 0.12, probing time =  0.02
Presolved problem: 5555 variables, 5989 constraints, 29733 non-zeros
Presolved problem: 0 general integer, 15 binary, 5540 continuous
Presolved problem: 1 cones
Clique table size: 0
BRANCHES RELAXS   ACT_NDS  DEPTH    BEST_INT_OBJ         BEST_RELAX_OBJ       REL_GAP(%)  TIME  
0        0        1        0        NA                   NA                   NA          0.1   
0        1        1        0        NA                   1.3471400959e+05     NA          0.5   
0        1        1        0        1.3477054159e+05     1.3471400959e+05     0.04        1.9   
Root cut generation started.
0        1        1        0        1.3477054159e+05     1.3471400959e+05     0.04        2.7   
Root cut generation terminated. Time = 0.53
An optimal solution satisfying the relative gap tolerance of 1.00e-02(%) has been located.
The relative gap is 0.00e+00(%).
An optimal solution satisfying the absolute gap tolerance of 0.00e+00 has been located.
The absolute gap is 0.00e+00.

Objective of best integer solution : 1.347705415943e+05      
Best objective bound               : 1.347705415943e+05      
Initial feasible solution objective: Undefined
Construct solution objective       : Not employed
User objective cut value           : Not employed
Number of cuts generated           : 165
  Number of CMIR cuts              : 74
  Number of implied bound cuts     : 90
  Number of knapsack_cover cuts    : 1
Number of branches                 : 0
Number of relaxations solved       : 3
Number of interior point iterations: 139
Number of simplex iterations       : 0
Time spend presolving the root     : 0.12
Time spend optimizing the root     : 0.39
Mixed integer optimizer terminated. Time: 2.95

Optimizer terminated. Time: 2.96    


Integer solution solution summary
  Problem status  : PRIMAL_FEASIBLE
  Solution status : INTEGER_OPTIMAL
  Primal.  obj: 1.3477054159e+05    nrm: 1e+05    Viol.  con: 2e-04    var: 3e-05    acc: 0e+00    itg: 0e+00  
SOLVE_END method=CHI_SQUARED robustness=0.050000000000000000 status=PrimalFeasible certified=true objective=134770.54159426803 bestBound=134770.54159426797 gap=0.0000000000000000 solveSec=3.306350 selected=11
SOLVE_BEGIN method=NOMINAL robustness=0.0000000000000000 scenarios=100 positiveWeights=100 ess=100.0000000000 threads=1 limitSec=600
Version identifier: 22.1.1.0 | 2022-11-27 | 9160aff4d
CPXPARAM_Threads                                 1
CPXPARAM_TimeLimit                               600
CPXPARAM_MIP_Tolerances_MIPGap                   1e-08
Tried aggregator 1 time.
MIP Presolve eliminated 350 rows and 350 columns.
MIP Presolve modified 59 coefficients.
Reduced MIP has 19652 rows, 18165 columns, and 79138 nonzeros.
Reduced MIP has 15 binaries, 0 generals, 0 SOSs, and 0 indicators.
Presolve time = 0.05 sec. (45.25 ticks)
Found incumbent of value 252544.959839 after 0.06 sec. (64.18 ticks)
Probing time = 0.02 sec. (2.83 ticks)
Tried aggregator 1 time.
Detecting symmetries...
Reduced MIP has 19652 rows, 18165 columns, and 79138 nonzeros.
Reduced MIP has 15 binaries, 0 generals, 0 SOSs, and 0 indicators.
Presolve time = 0.05 sec. (51.49 ticks)
Probing time = 0.00 sec. (2.82 ticks)
MIP emphasis: balance optimality and feasibility.
MIP search method: dynamic search.
Parallel mode: none, using 1 thread.
Root relaxation solution time = 6.34 sec. (9242.40 ticks)

        Nodes                                         Cuts/
   Node  Left     Objective  IInf  Best Integer    Best Bound    ItCnt     Gap

*     0+    0                       252544.9598    52884.0040            79.06%
      0     0   129762.4266     3   252544.9598   129762.4266    28955   48.62%
*     0+    0                       129820.1639   129762.4266             0.04%
      0     0        cutoff         129820.1639                  29750    0.00%
Elapsed time = 6.97 sec. (9985.78 ticks, tree = 0.01 MB, solutions = 2)

Flow cuts applied:  892
Mixed integer rounding cuts applied:  700
Gomory fractional cuts applied:  2

Root node processing (before b&c):
  Real time             =    6.98 sec. (9986.94 ticks)
Sequential b&c:
  Real time             =    0.00 sec. (0.00 ticks)
                          ------------
Total (root+branch&cut) =    6.98 sec. (9986.94 ticks)
SOLVE_END method=NOMINAL robustness=0.0000000000000000 status=Optimal certified=true objective=129820.16385903352 bestBound=129820.16385903352 gap=0.0000000000000000 solveSec=6.984769 selected=11
SOLVE_BEGIN method=NOMINAL robustness=0.0000000000000000 scenarios=30 positiveWeights=30 ess=5.7370916232 threads=1 limitSec=600
Version identifier: 22.1.1.0 | 2022-11-27 | 9160aff4d
CPXPARAM_Threads                                 1
CPXPARAM_TimeLimit                               600
CPXPARAM_MIP_Tolerances_MIPGap                   1e-08
Tried aggregator 1 time.
MIP Presolve eliminated 42 rows and 42 columns.
MIP Presolve modified 1605 coefficients.
Reduced MIP has 5960 rows, 5523 columns, and 24180 nonzeros.
Reduced MIP has 15 binaries, 0 generals, 0 SOSs, and 0 indicators.
Presolve time = 0.02 sec. (11.57 ticks)
Found incumbent of value 118828.551899 after 0.02 sec. (17.44 ticks)
Probing time = 0.00 sec. (0.82 ticks)
Tried aggregator 1 time.
Detecting symmetries...
Reduced MIP has 5960 rows, 5523 columns, and 24180 nonzeros.
Reduced MIP has 15 binaries, 0 generals, 0 SOSs, and 0 indicators.
Presolve time = 0.02 sec. (13.56 ticks)
Probing time = 0.00 sec. (0.82 ticks)
MIP emphasis: balance optimality and feasibility.
MIP search method: dynamic search.
Parallel mode: none, using 1 thread.
Root relaxation solution time = 0.31 sec. (478.36 ticks)

        Nodes                                         Cuts/
   Node  Left     Objective  IInf  Best Integer    Best Bound    ItCnt     Gap

*     0+    0                       118828.5519     4329.0930            96.36%
      0     0    53556.7198     4   118828.5519    53556.7198     6613   54.93%
*     0+    0                        55296.7678    53556.7198             3.15%
*     0     0      integral     0    54068.1841     Cuts: 761     7455    0.00%
      0     0        cutoff          54068.1841    54068.1841     7455    0.00%
Elapsed time = 0.45 sec. (677.79 ticks, tree = 0.01 MB, solutions = 3)

Implied bound cuts applied:  3
Flow cuts applied:  355
Mixed integer rounding cuts applied:  276
Gomory fractional cuts applied:  2

Root node processing (before b&c):
  Real time             =    0.45 sec. (678.19 ticks)
Sequential b&c:
  Real time             =    0.00 sec. (0.00 ticks)
                          ------------
Total (root+branch&cut) =    0.45 sec. (678.19 ticks)
SOLVE_END method=NOMINAL robustness=0.0000000000000000 status=Optimal certified=true objective=54068.184050311356 bestBound=54068.184050311360 gap=0.0000000000000000 solveSec=0.456719 selected=10
SOLVE_BEGIN method=CHI_SQUARED robustness=0.050000000000000000 scenarios=30 positiveWeights=30 ess=5.7370916232 threads=1 limitSec=600
Problem
  Name                   : DRO-Extensive   
  Objective sense        : minimize        
  Type                   : CONIC (conic optimization problem)
  Constraints            : 10532           
  Affine conic cons.     : 1 (31 rows)
  Disjunctive cons.      : 0               
  Cones                  : 0               
  Scalar variables       : 10098           
  Matrix variables       : 0               
  Integer variables      : 15              

Optimizer started.
Mixed integer optimizer started.
Threads used: 1
Presolve started.
Presolve terminated. Time = 0.14, probing time =  0.03
Presolved problem: 5555 variables, 5989 constraints, 29733 non-zeros
Presolved problem: 0 general integer, 15 binary, 5540 continuous
Presolved problem: 1 cones
Clique table size: 0
BRANCHES RELAXS   ACT_NDS  DEPTH    BEST_INT_OBJ         BEST_RELAX_OBJ       REL_GAP(%)  TIME  
0        0        1        0        NA                   NA                   NA          0.2   
0        1        1        0        NA                   5.4851810134e+04     NA          0.6   
0        1        1        0        5.6418122346e+04     5.4851810134e+04     2.78        1.6   
Root cut generation started.
0        1        1        0        5.6418122346e+04     5.4851810134e+04     2.78        2.8   
0        2        1        0        5.6418122346e+04     5.4982249816e+04     2.55        3.9   
0        3        1        0        5.6418122346e+04     5.5139753089e+04     2.27        5.2   
0        4        1        0        5.6418122346e+04     5.5298302439e+04     1.98        6.3   
Root cut generation terminated. Time = 3.25
0        7        1        0        5.5319172741e+04     5.5305046748e+04     0.03        7.3   
1        8        0        0        5.5319172436e+04     5.5319172436e+04     0.00e+00    7.6   
An optimal solution satisfying the relative gap tolerance of 1.00e-02(%) has been located.
The relative gap is 0.00e+00(%).
An optimal solution satisfying the absolute gap tolerance of 0.00e+00 has been located.
The absolute gap is 0.00e+00.

Objective of best integer solution : 5.531917243637e+04      
Best objective bound               : 5.531917243637e+04      
Initial feasible solution objective: Undefined
Construct solution objective       : Not employed
User objective cut value           : Not employed
Number of cuts generated           : 361
  Number of CMIR cuts              : 210
  Number of implied bound cuts     : 151
Number of branches                 : 1
Number of relaxations solved       : 8
Number of interior point iterations: 447
Number of simplex iterations       : 0
Time spend presolving the root     : 0.14
Time spend optimizing the root     : 0.72
Mixed integer optimizer terminated. Time: 7.62

Optimizer terminated. Time: 7.63    


Integer solution solution summary
  Problem status  : PRIMAL_FEASIBLE
  Solution status : INTEGER_OPTIMAL
  Primal.  obj: 5.5319172436e+04    nrm: 5e+04    Viol.  con: 2e-04    var: 9e-07    acc: 0e+00    itg: 4e-06  
SOLVE_END method=CHI_SQUARED robustness=0.050000000000000000 status=PrimalFeasible certified=true objective=55319.172436371000 bestBound=55319.172436371010 gap=0.0000000000000000 solveSec=7.724096 selected=10
SOLVE_BEGIN method=NOMINAL robustness=0.0000000000000000 scenarios=100 positiveWeights=100 ess=100.0000000000 threads=1 limitSec=600
Version identifier: 22.1.1.0 | 2022-11-27 | 9160aff4d
CPXPARAM_Threads                                 1
CPXPARAM_TimeLimit                               600
CPXPARAM_MIP_Tolerances_MIPGap                   1e-08
Tried aggregator 1 time.
MIP Presolve eliminated 69 rows and 69 columns.
MIP Presolve modified 4991 coefficients.
Reduced MIP has 19933 rows, 18446 columns, and 81030 nonzeros.
Reduced MIP has 15 binaries, 0 generals, 0 SOSs, and 0 indicators.
Presolve time = 0.05 sec. (52.22 ticks)
Found incumbent of value 126216.790683 after 0.06 sec. (71.90 ticks)
Probing time = 0.00 sec. (2.72 ticks)
Tried aggregator 1 time.
Detecting symmetries...
Reduced MIP has 19933 rows, 18446 columns, and 81030 nonzeros.
Reduced MIP has 15 binaries, 0 generals, 0 SOSs, and 0 indicators.
Presolve time = 0.05 sec. (52.57 ticks)
Probing time = 0.00 sec. (2.72 ticks)
MIP emphasis: balance optimality and feasibility.
MIP search method: dynamic search.
Parallel mode: none, using 1 thread.
Root relaxation solution time = 10.31 sec. (11817.30 ticks)

        Nodes                                         Cuts/
   Node  Left     Objective  IInf  Best Integer    Best Bound    ItCnt     Gap

*     0+    0                       126216.7907    13188.4871            89.55%
      0     0    62103.6141     4   126216.7907    62103.6141    30402   50.80%
*     0+    0                        62182.9010    62103.6141             0.13%
      0     0        cutoff          62182.9010                  31260    0.00%
Elapsed time = 11.06 sec. (12472.14 ticks, tree = 0.01 MB, solutions = 2)

Implied bound cuts applied:  1
Flow cuts applied:  918
Mixed integer rounding cuts applied:  707
Gomory fractional cuts applied:  1

Root node processing (before b&c):
  Real time             =   11.06 sec. (12473.31 ticks)
Sequential b&c:
  Real time             =    0.00 sec. (0.00 ticks)
                          ------------
Total (root+branch&cut) =   11.06 sec. (12473.31 ticks)
SOLVE_END method=NOMINAL robustness=0.0000000000000000 status=Optimal certified=true objective=62182.901015722135 bestBound=62182.901015722280 gap=0.0000000000000000 solveSec=11.081369 selected=10
SOLVE_BEGIN method=NOMINAL robustness=0.0000000000000000 scenarios=30 positiveWeights=30 ess=5.0766183034 threads=1 limitSec=600
Version identifier: 22.1.1.0 | 2022-11-27 | 9160aff4d
CPXPARAM_Threads                                 1
CPXPARAM_TimeLimit                               600
CPXPARAM_MIP_Tolerances_MIPGap                   1e-08
Tried aggregator 1 time.
MIP Presolve eliminated 42 rows and 42 columns.
MIP Presolve modified 1605 coefficients.
Reduced MIP has 5960 rows, 5523 columns, and 24180 nonzeros.
Reduced MIP has 15 binaries, 0 generals, 0 SOSs, and 0 indicators.
Presolve time = 0.01 sec. (11.57 ticks)
Found incumbent of value 187938.613925 after 0.03 sec. (17.44 ticks)
Probing time = 0.00 sec. (0.82 ticks)
Tried aggregator 1 time.
Detecting symmetries...
Reduced MIP has 5960 rows, 5523 columns, and 24180 nonzeros.
Reduced MIP has 15 binaries, 0 generals, 0 SOSs, and 0 indicators.
Presolve time = 0.03 sec. (13.55 ticks)
Probing time = 0.00 sec. (0.82 ticks)
MIP emphasis: balance optimality and feasibility.
MIP search method: dynamic search.
Parallel mode: none, using 1 thread.
Root relaxation solution time = 0.33 sec. (395.37 ticks)

        Nodes                                         Cuts/
   Node  Left     Objective  IInf  Best Integer    Best Bound    ItCnt     Gap

*     0+    0                       187938.6139    63284.2243            66.33%
      0     0   112886.9489     3   187938.6139   112886.9489     7048   39.93%
*     0+    0                       112897.6609   112886.9489             0.01%
      0     0        cutoff         112897.6609                   7086    0.00%
Elapsed time = 0.47 sec. (475.75 ticks, tree = 0.01 MB, solutions = 2)

Flow cuts applied:  374
Mixed integer rounding cuts applied:  229

Root node processing (before b&c):
  Real time             =    0.47 sec. (476.10 ticks)
Sequential b&c:
  Real time             =    0.00 sec. (0.00 ticks)
                          ------------
Total (root+branch&cut) =    0.47 sec. (476.10 ticks)
SOLVE_END method=NOMINAL robustness=0.0000000000000000 status=Optimal certified=true objective=112897.66091442021 bestBound=112897.66091442022 gap=0.0000000000000000 solveSec=0.471467 selected=11
SOLVE_BEGIN method=CHI_SQUARED robustness=0.050000000000000000 scenarios=30 positiveWeights=30 ess=5.0766183034 threads=1 limitSec=600
Problem
  Name                   : DRO-Extensive   
  Objective sense        : minimize        
  Type                   : CONIC (conic optimization problem)
  Constraints            : 10532           
  Affine conic cons.     : 1 (31 rows)
  Disjunctive cons.      : 0               
  Cones                  : 0               
  Scalar variables       : 10098           
  Matrix variables       : 0               
  Integer variables      : 15              

Optimizer started.
Mixed integer optimizer started.
Threads used: 1
Presolve started.
Presolve terminated. Time = 0.16, probing time =  0.03
Presolved problem: 5555 variables, 5989 constraints, 29733 non-zeros
Presolved problem: 0 general integer, 15 binary, 5540 continuous
Presolved problem: 1 cones
Clique table size: 0
BRANCHES RELAXS   ACT_NDS  DEPTH    BEST_INT_OBJ         BEST_RELAX_OBJ       REL_GAP(%)  TIME  
0        0        1        0        NA                   NA                   NA          0.2   
0        1        1        0        NA                   1.1538787714e+05     NA          0.9   
0        1        1        0        1.1540423460e+05     1.1538787714e+05     0.01        2.5   
Root cut generation started.
0        1        1        0        1.1540423460e+05     1.1538787714e+05     0.01        4.1   
Root cut generation terminated. Time = 0.97
0        4        1        0        1.1540423455e+05     1.1540423455e+05     0.00e+00    4.5   
An optimal solution satisfying the relative gap tolerance of 1.00e-02(%) has been located.
The relative gap is 0.00e+00(%).
An optimal solution satisfying the absolute gap tolerance of 0.00e+00 has been located.
The absolute gap is 0.00e+00.

Objective of best integer solution : 1.154042345459e+05      
Best objective bound               : 1.154042345459e+05      
Initial feasible solution objective: Undefined
Construct solution objective       : Not employed
User objective cut value           : Not employed
Number of cuts generated           : 100
  Number of CMIR cuts              : 39
  Number of implied bound cuts     : 60
  Number of knapsack_cover cuts    : 1
Number of branches                 : 0
Number of relaxations solved       : 4
Number of interior point iterations: 208
Number of simplex iterations       : 0
Time spend presolving the root     : 0.16
Time spend optimizing the root     : 0.69
Mixed integer optimizer terminated. Time: 4.50

Optimizer terminated. Time: 4.51    


Integer solution solution summary
  Problem status  : PRIMAL_FEASIBLE
  Solution status : INTEGER_OPTIMAL
  Primal.  obj: 1.1540423455e+05    nrm: 1e+05    Viol.  con: 2e-04    var: 2e-05    acc: 0e+00    itg: 0e+00  
SOLVE_END method=CHI_SQUARED robustness=0.050000000000000000 status=PrimalFeasible certified=true objective=115404.23454593237 bestBound=115404.23454593236 gap=0.0000000000000000 solveSec=4.602771 selected=11
SOLVE_BEGIN method=NOMINAL robustness=0.0000000000000000 scenarios=100 positiveWeights=100 ess=100.0000000000 threads=1 limitSec=600
Version identifier: 22.1.1.0 | 2022-11-27 | 9160aff4d
CPXPARAM_Threads                                 1
CPXPARAM_TimeLimit                               600
CPXPARAM_MIP_Tolerances_MIPGap                   1e-08
Tried aggregator 1 time.
MIP Presolve eliminated 215 rows and 215 columns.
MIP Presolve modified 1355 coefficients.
Reduced MIP has 19787 rows, 18300 columns, and 80105 nonzeros.
Reduced MIP has 15 binaries, 0 generals, 0 SOSs, and 0 indicators.
Presolve time = 0.06 sec. (48.75 ticks)
Found incumbent of value 208778.403661 after 0.09 sec. (68.11 ticks)
Probing time = 0.00 sec. (2.77 ticks)
Tried aggregator 1 time.
Detecting symmetries...
Reduced MIP has 19787 rows, 18300 columns, and 80105 nonzeros.
Reduced MIP has 15 binaries, 0 generals, 0 SOSs, and 0 indicators.
Presolve time = 0.06 sec. (51.86 ticks)
Probing time = 0.00 sec. (2.76 ticks)
MIP emphasis: balance optimality and feasibility.
MIP search method: dynamic search.
Parallel mode: none, using 1 thread.
Root relaxation solution time = 11.61 sec. (10037.72 ticks)

        Nodes                                         Cuts/
   Node  Left     Objective  IInf  Best Integer    Best Bound    ItCnt     Gap

*     0+    0                       208778.4037    29786.2900            85.73%
      0     0    93546.2740     2   208778.4037    93546.2740    26215   55.19%
*     0+    0                        93546.8447    93546.2740             0.00%
      0     0        cutoff          93546.8447                  26298    0.00%
Elapsed time = 12.05 sec. (10370.81 ticks, tree = 0.01 MB, solutions = 2)

Flow cuts applied:  720
Mixed integer rounding cuts applied:  623
Gomory fractional cuts applied:  1

Root node processing (before b&c):
  Real time             =   12.06 sec. (10371.96 ticks)
Sequential b&c:
  Real time             =    0.00 sec. (0.00 ticks)
                          ------------
Total (root+branch&cut) =   12.06 sec. (10371.96 ticks)
SOLVE_END method=NOMINAL robustness=0.0000000000000000 status=Optimal certified=true objective=93546.844706790140 bestBound=93546.844706790140 gap=0.0000000000000000 solveSec=12.067099 selected=11
