SOLVE_BEGIN method=NOMINAL robustness=0.0000000000000000 scenarios=1 positiveWeights=1 ess=1.0000000000 threads=1 limitSec=600
Version identifier: 22.1.1.0 | 2022-11-27 | 9160aff4d
CPXPARAM_Threads                                 1
CPXPARAM_TimeLimit                               600
CPXPARAM_MIP_Tolerances_MIPGap                   1e-08
Tried aggregator 1 time.
Reduced MIP has 166 rows, 164 columns, and 680 nonzeros.
Reduced MIP has 12 binaries, 0 generals, 0 SOSs, and 0 indicators.
Presolve time = 0.00 sec. (0.28 ticks)
Found incumbent of value 119638.359590 after 0.00 sec. (0.45 ticks)
Probing time = 0.00 sec. (0.02 ticks)
Tried aggregator 1 time.
Detecting symmetries...
Reduced MIP has 166 rows, 164 columns, and 680 nonzeros.
Reduced MIP has 12 binaries, 0 generals, 0 SOSs, and 0 indicators.
Presolve time = 0.00 sec. (0.34 ticks)
Probing time = 0.00 sec. (0.02 ticks)
MIP emphasis: balance optimality and feasibility.
MIP search method: dynamic search.
Parallel mode: none, using 1 thread.
Root relaxation solution time = 0.00 sec. (0.75 ticks)

        Nodes                                         Cuts/
   Node  Left     Objective  IInf  Best Integer    Best Bound    ItCnt     Gap

*     0+    0                       119638.3596        0.0000           100.00%
      0     0    50052.3929     5   119638.3596    50052.3929       95   58.16%
*     0+    0                        51273.1245    50052.3929             2.38%
      0     0    50718.8243     1    51273.1245      Cuts: 23      125    1.08%
*     0+    0                        50718.8780    50718.8243             0.00%
      0     0        cutoff          50718.8780                    128    0.00%
Elapsed time = 0.01 sec. (4.55 ticks, tree = 0.01 MB, solutions = 3)

Flow cuts applied:  11
Mixed integer rounding cuts applied:  7
Gomory fractional cuts applied:  2

Root node processing (before b&c):
  Real time             =    0.01 sec. (4.56 ticks)
Sequential b&c:
  Real time             =    0.00 sec. (0.00 ticks)
                          ------------
Total (root+branch&cut) =    0.01 sec. (4.56 ticks)
SOLVE_END method=NOMINAL robustness=0.0000000000000000 status=Optimal certified=true objective=50718.878005743885 bestBound=50718.878005743885 gap=0.0000000000000000 solveSec=0.020547 selected=8
SOLVE_BEGIN method=NOMINAL robustness=0.0000000000000000 scenarios=60 positiveWeights=60 ess=60.0000000000 threads=1 limitSec=600
Version identifier: 22.1.1.0 | 2022-11-27 | 9160aff4d
CPXPARAM_Threads                                 1
CPXPARAM_TimeLimit                               600
CPXPARAM_MIP_Tolerances_MIPGap                   1e-08
Tried aggregator 1 time.
MIP Presolve eliminated 142 rows and 142 columns.
MIP Presolve modified 2125 coefficients.
Reduced MIP has 9700 rows, 8990 columns, and 38592 nonzeros.
Reduced MIP has 12 binaries, 0 generals, 0 SOSs, and 0 indicators.
Presolve time = 0.02 sec. (24.01 ticks)
Found incumbent of value 137742.552634 after 0.03 sec. (33.57 ticks)
Probing time = 0.00 sec. (1.36 ticks)
Tried aggregator 1 time.
Detecting symmetries...
Reduced MIP has 9700 rows, 8990 columns, and 38592 nonzeros.
Reduced MIP has 12 binaries, 0 generals, 0 SOSs, and 0 indicators.
Presolve time = 0.03 sec. (25.22 ticks)
Probing time = 0.00 sec. (1.35 ticks)
MIP emphasis: balance optimality and feasibility.
MIP search method: dynamic search.
Parallel mode: none, using 1 thread.
Root relaxation solution time = 1.06 sec. (2173.12 ticks)

        Nodes                                         Cuts/
   Node  Left     Objective  IInf  Best Integer    Best Bound    ItCnt     Gap

*     0+    0                       137742.5526    29816.3145            78.35%
      0     0    74283.9868     3   137742.5526    74283.9868    13683   46.07%
*     0+    0                        74294.4224    74283.9868             0.01%
      0     0        cutoff          74294.4224                  13824    0.00%
Elapsed time = 1.25 sec. (2360.45 ticks, tree = 0.01 MB, solutions = 2)

Implied bound cuts applied:  10
Flow cuts applied:  586
Mixed integer rounding cuts applied:  409
Gomory fractional cuts applied:  2

Root node processing (before b&c):
  Real time             =    1.27 sec. (2361.02 ticks)
Sequential b&c:
  Real time             =    0.00 sec. (0.00 ticks)
                          ------------
Total (root+branch&cut) =    1.27 sec. (2361.02 ticks)
SOLVE_END method=NOMINAL robustness=0.0000000000000000 status=Optimal certified=true objective=74294.422363123170 bestBound=74294.422363123170 gap=0.0000000000000000 solveSec=1.269970 selected=9
SOLVE_BEGIN method=NOMINAL robustness=0.0000000000000000 scenarios=60 positiveWeights=60 ess=7.1483005707 threads=1 limitSec=600
Version identifier: 22.1.1.0 | 2022-11-27 | 9160aff4d
CPXPARAM_Threads                                 1
CPXPARAM_TimeLimit                               600
CPXPARAM_MIP_Tolerances_MIPGap                   1e-08
Tried aggregator 1 time.
MIP Presolve eliminated 142 rows and 142 columns.
MIP Presolve modified 2125 coefficients.
Reduced MIP has 9700 rows, 8990 columns, and 38592 nonzeros.
Reduced MIP has 12 binaries, 0 generals, 0 SOSs, and 0 indicators.
Presolve time = 0.02 sec. (24.01 ticks)
Found incumbent of value 81598.314471 after 0.03 sec. (33.57 ticks)
Probing time = 0.00 sec. (1.36 ticks)
Tried aggregator 1 time.
Detecting symmetries...
Reduced MIP has 9700 rows, 8990 columns, and 38592 nonzeros.
Reduced MIP has 12 binaries, 0 generals, 0 SOSs, and 0 indicators.
Presolve time = 0.02 sec. (24.54 ticks)
Probing time = 0.00 sec. (1.35 ticks)
MIP emphasis: balance optimality and feasibility.
MIP search method: dynamic search.
Parallel mode: none, using 1 thread.
Root relaxation solution time = 1.44 sec. (2007.62 ticks)

        Nodes                                         Cuts/
   Node  Left     Objective  IInf  Best Integer    Best Bound    ItCnt     Gap

*     0+    0                        81598.3145     8018.9345            90.17%
      0     0    41503.4445     6    81598.3145    41503.4445    10432   49.14%
*     0+    0                        43983.7164    41503.4445             5.64%
*     0+    0                        41993.7871    41503.4445             1.17%
      0     0    41823.7525     5    41993.7871    Cuts: 1500    11882    0.40%
*     0+    0                        41834.6972    41823.7525             0.03%
      0     0        cutoff          41834.6972                  11994    0.00%
Elapsed time = 2.11 sec. (2786.22 ticks, tree = 0.01 MB, solutions = 4)

Implied bound cuts applied:  3
Flow cuts applied:  786
Mixed integer rounding cuts applied:  520

Root node processing (before b&c):
  Real time             =    2.12 sec. (2786.93 ticks)
Sequential b&c:
  Real time             =    0.00 sec. (0.00 ticks)
                          ------------
Total (root+branch&cut) =    2.12 sec. (2786.93 ticks)
SOLVE_END method=NOMINAL robustness=0.0000000000000000 status=Optimal certified=true objective=41834.697242148060 bestBound=41834.697242148070 gap=0.0000000000000000 solveSec=2.124269 selected=7
SOLVE_BEGIN method=CHI_SQUARED robustness=0.10000000000000000 scenarios=60 positiveWeights=60 ess=7.1483005707 threads=1 limitSec=600
Problem
  Name                   : DRO-Extensive   
  Objective sense        : minimize        
  Type                   : CONIC (conic optimization problem)
  Constraints            : 17102           
  Affine conic cons.     : 1 (61 rows)
  Disjunctive cons.      : 0               
  Cones                  : 0               
  Scalar variables       : 16395           
  Matrix variables       : 0               
  Integer variables      : 12              

Optimizer started.
Mixed integer optimizer started.
Threads used: 1
Presolve started.
Presolve terminated. Time = 0.30, probing time =  0.05
Presolved problem: 9052 variables, 9759 constraints, 47678 non-zeros
Presolved problem: 0 general integer, 12 binary, 9040 continuous
Presolved problem: 1 cones
Clique table size: 0
BRANCHES RELAXS   ACT_NDS  DEPTH    BEST_INT_OBJ         BEST_RELAX_OBJ       REL_GAP(%)  TIME  
0        0        1        0        NA                   NA                   NA          0.4   
0        1        1        0        NA                   4.4523335730e+04     NA          1.3   
0        1        1        0        4.4777628287e+04     4.4523335730e+04     0.57        3.7   
Root cut generation started.
0        1        1        0        4.4777628287e+04     4.4523335730e+04     0.57        5.9   
0        2        1        0        4.4777628287e+04     4.4629838632e+04     0.33        8.0   
Root cut generation terminated. Time = 2.76
7        14       0        2        4.4777628018e+04     4.4777628018e+04     0.00e+00    14.3  
An optimal solution satisfying the relative gap tolerance of 1.00e-02(%) has been located.
The relative gap is 0.00e+00(%).
An optimal solution satisfying the absolute gap tolerance of 0.00e+00 has been located.
The absolute gap is 0.00e+00.

Objective of best integer solution : 4.477762801849e+04      
Best objective bound               : 4.477762801849e+04      
Initial feasible solution objective: Undefined
Construct solution objective       : Not employed
User objective cut value           : Not employed
Number of cuts generated           : 294
  Number of CMIR cuts              : 108
  Number of implied bound cuts     : 185
  Number of knapsack_cover cuts    : 1
Number of branches                 : 7
Number of relaxations solved       : 14
Number of interior point iterations: 858
Number of simplex iterations       : 0
Time spend presolving the root     : 0.30
Time spend optimizing the root     : 1.44
Mixed integer optimizer terminated. Time: 14.26

Optimizer terminated. Time: 14.27   


Integer solution solution summary
  Problem status  : PRIMAL_FEASIBLE
  Solution status : INTEGER_OPTIMAL
  Primal.  obj: 4.4777628018e+04    nrm: 4e+04    Viol.  con: 4e-04    var: 5e-06    acc: 0e+00    itg: 2e-08  
SOLVE_END method=CHI_SQUARED robustness=0.10000000000000000 status=PrimalFeasible certified=true objective=44777.628018494090 bestBound=44777.628018494080 gap=0.0000000000000000 solveSec=14.667476 selected=8
SOLVE_BEGIN method=NOMINAL robustness=0.0000000000000000 scenarios=100 positiveWeights=100 ess=100.0000000000 threads=1 limitSec=600
Version identifier: 22.1.1.0 | 2022-11-27 | 9160aff4d
CPXPARAM_Threads                                 1
CPXPARAM_TimeLimit                               600
CPXPARAM_MIP_Tolerances_MIPGap                   1e-08
Tried aggregator 1 time.
MIP Presolve eliminated 57 rows and 57 columns.
MIP Presolve modified 5991 coefficients.
Reduced MIP has 16345 rows, 15155 columns, and 65316 nonzeros.
Reduced MIP has 12 binaries, 0 generals, 0 SOSs, and 0 indicators.
Presolve time = 0.08 sec. (50.73 ticks)
Found incumbent of value 75458.088915 after 0.09 sec. (66.98 ticks)
Probing time = 0.00 sec. (2.22 ticks)
Tried aggregator 1 time.
Detecting symmetries...
Reduced MIP has 16345 rows, 15155 columns, and 65316 nonzeros.
Reduced MIP has 12 binaries, 0 generals, 0 SOSs, and 0 indicators.
Presolve time = 0.06 sec. (44.76 ticks)
Probing time = 0.00 sec. (2.22 ticks)
MIP emphasis: balance optimality and feasibility.
MIP search method: dynamic search.
Parallel mode: none, using 1 thread.
Root relaxation solution time = 5.91 sec. (6747.08 ticks)

        Nodes                                         Cuts/
   Node  Left     Objective  IInf  Best Integer    Best Bound    ItCnt     Gap

*     0+    0                        75458.0889     3508.8364            95.35%
      0     0    34818.3390     5    75458.0889    34818.3390    18484   53.86%
*     0+    0                        35461.1693    34818.3390             1.81%
*     0     0      integral     0    35305.8775    Cuts: 2395    20800    0.00%
      0     0        cutoff          35305.8775    35305.8775    20800    0.00%
Elapsed time = 7.38 sec. (8303.53 ticks, tree = 0.01 MB, solutions = 3)

Implied bound cuts applied:  18
Flow cuts applied:  1225
Mixed integer rounding cuts applied:  841

Root node processing (before b&c):
  Real time             =    7.38 sec. (8304.61 ticks)
Sequential b&c:
  Real time             =    0.00 sec. (0.00 ticks)
                          ------------
Total (root+branch&cut) =    7.38 sec. (8304.61 ticks)
SOLVE_END method=NOMINAL robustness=0.0000000000000000 status=Optimal certified=true objective=35305.877463409190 bestBound=35305.877463409190 gap=0.0000000000000000 solveSec=7.377737 selected=6
SOLVE_BEGIN method=NOMINAL robustness=0.0000000000000000 scenarios=60 positiveWeights=60 ess=7.5981926933 threads=1 limitSec=600
Version identifier: 22.1.1.0 | 2022-11-27 | 9160aff4d
CPXPARAM_Threads                                 1
CPXPARAM_TimeLimit                               600
CPXPARAM_MIP_Tolerances_MIPGap                   1e-08
Tried aggregator 1 time.
MIP Presolve eliminated 142 rows and 142 columns.
MIP Presolve modified 2125 coefficients.
Reduced MIP has 9700 rows, 8990 columns, and 38592 nonzeros.
Reduced MIP has 12 binaries, 0 generals, 0 SOSs, and 0 indicators.
Presolve time = 0.03 sec. (24.01 ticks)
Found incumbent of value 65485.641155 after 0.05 sec. (33.57 ticks)
Probing time = 0.02 sec. (1.36 ticks)
Tried aggregator 1 time.
Detecting symmetries...
Reduced MIP has 9700 rows, 8990 columns, and 38592 nonzeros.
Reduced MIP has 12 binaries, 0 generals, 0 SOSs, and 0 indicators.
Presolve time = 0.02 sec. (24.54 ticks)
Probing time = 0.00 sec. (1.35 ticks)
MIP emphasis: balance optimality and feasibility.
MIP search method: dynamic search.
Parallel mode: none, using 1 thread.
Root relaxation solution time = 1.19 sec. (1721.33 ticks)

        Nodes                                         Cuts/
   Node  Left     Objective  IInf  Best Integer    Best Bound    ItCnt     Gap

*     0+    0                        65485.6412     4937.9807            92.46%
      0     0    32644.7459     5    65485.6412    32644.7459     9186   50.15%
*     0+    0                        35761.8578    32644.7459             8.72%
*     0+    0                        33355.8062    32644.7459             2.13%
      0     0    32896.2389     5    33355.8062    Cuts: 1254    10572    1.38%
*     0+    0                        32920.8242    32896.2389             0.07%
      0     0    32919.9450     4    32920.8242     Cuts: 623    10963    0.00%
      0     0    32920.7234     4    32920.8242     Cuts: 158    11096    0.00%
      0     0    32920.8237     4    32920.8242      Cuts: 49    11140    0.00%
Detecting symmetries...
      0     0        cutoff          32920.8242    32920.8237    11142    0.00%
Elapsed time = 2.25 sec. (2780.65 ticks, tree = 0.01 MB, solutions = 4)

Implied bound cuts applied:  3
Flow cuts applied:  660
Mixed integer rounding cuts applied:  537
Lift and project cuts applied:  1
Gomory fractional cuts applied:  1

Root node processing (before b&c):
  Real time             =    2.25 sec. (2781.36 ticks)
Sequential b&c:
  Real time             =    0.00 sec. (0.00 ticks)
                          ------------
Total (root+branch&cut) =    2.25 sec. (2781.36 ticks)
SOLVE_END method=NOMINAL robustness=0.0000000000000000 status=Optimal certified=true objective=32920.824160759130 bestBound=32920.824160759130 gap=0.0000000000000000 solveSec=2.254346 selected=6
SOLVE_BEGIN method=CHI_SQUARED robustness=0.10000000000000000 scenarios=60 positiveWeights=60 ess=7.5981926933 threads=1 limitSec=600
Problem
  Name                   : DRO-Extensive   
  Objective sense        : minimize        
  Type                   : CONIC (conic optimization problem)
  Constraints            : 17102           
  Affine conic cons.     : 1 (61 rows)
  Disjunctive cons.      : 0               
  Cones                  : 0               
  Scalar variables       : 16395           
  Matrix variables       : 0               
  Integer variables      : 12              

Optimizer started.
Mixed integer optimizer started.
Threads used: 1
Presolve started.
Presolve terminated. Time = 0.26, probing time =  0.04
Presolved problem: 9052 variables, 9759 constraints, 47678 non-zeros
Presolved problem: 0 general integer, 12 binary, 9040 continuous
Presolved problem: 1 cones
Clique table size: 0
BRANCHES RELAXS   ACT_NDS  DEPTH    BEST_INT_OBJ         BEST_RELAX_OBJ       REL_GAP(%)  TIME  
0        0        1        0        NA                   NA                   NA          0.3   
0        1        1        0        NA                   3.5751999807e+04     NA          1.2   
0        1        1        0        3.6046370734e+04     3.5751999807e+04     0.82        2.7   
Root cut generation started.
0        1        1        0        3.6046370734e+04     3.5751999807e+04     0.82        5.0   
Root cut generation terminated. Time = 1.42
0        4        1        0        3.6046370285e+04     3.5772481245e+04     0.76        7.0   
13       22       4        4        3.6046370285e+04     3.5920411166e+04     0.35        16.8  
An optimal solution satisfying the relative gap tolerance of 1.00e-02(%) has been located.
The relative gap is 0.00e+00(%).
An optimal solution satisfying the absolute gap tolerance of 0.00e+00 has been located.
The absolute gap is 0.00e+00.

Objective of best integer solution : 3.604637028503e+04      
Best objective bound               : 3.604637028503e+04      
Initial feasible solution objective: Undefined
Construct solution objective       : Not employed
User objective cut value           : Not employed
Number of cuts generated           : 171
  Number of CMIR cuts              : 102
  Number of implied bound cuts     : 69
Number of branches                 : 19
Number of relaxations solved       : 29
Number of interior point iterations: 1650
Number of simplex iterations       : 0
Time spend presolving the root     : 0.26
Time spend optimizing the root     : 1.51
Mixed integer optimizer terminated. Time: 18.90

Optimizer terminated. Time: 18.93   


Integer solution solution summary
  Problem status  : PRIMAL_FEASIBLE
  Solution status : INTEGER_OPTIMAL
  Primal.  obj: 3.6046370285e+04    nrm: 3e+04    Viol.  con: 1e-03    var: 1e-05    acc: 0e+00    itg: 6e-08  
SOLVE_END method=CHI_SQUARED robustness=0.10000000000000000 status=PrimalFeasible certified=true objective=36046.370285029785 bestBound=36046.370285029790 gap=0.0000000000000000 solveSec=19.089127 selected=6
SOLVE_BEGIN method=NOMINAL robustness=0.0000000000000000 scenarios=100 positiveWeights=100 ess=100.0000000000 threads=1 limitSec=600
Version identifier: 22.1.1.0 | 2022-11-27 | 9160aff4d
CPXPARAM_Threads                                 1
CPXPARAM_TimeLimit                               600
CPXPARAM_MIP_Tolerances_MIPGap                   1e-08
Tried aggregator 1 time.
MIP Presolve modified 12011 coefficients.
Reduced MIP has 16402 rows, 15212 columns, and 65624 nonzeros.
Reduced MIP has 12 binaries, 0 generals, 0 SOSs, and 0 indicators.
Presolve time = 0.03 sec. (46.79 ticks)
Found incumbent of value 42315.443265 after 0.05 sec. (63.15 ticks)
Probing time = 0.00 sec. (2.29 ticks)
Tried aggregator 1 time.
Detecting symmetries...
Reduced MIP has 16402 rows, 15212 columns, and 65624 nonzeros.
Reduced MIP has 12 binaries, 0 generals, 0 SOSs, and 0 indicators.
Presolve time = 0.05 sec. (45.65 ticks)
Probing time = 0.00 sec. (2.29 ticks)
MIP emphasis: balance optimality and feasibility.
MIP search method: dynamic search.
Parallel mode: none, using 1 thread.
Root relaxation solution time = 4.38 sec. (8386.01 ticks)

        Nodes                                         Cuts/
   Node  Left     Objective  IInf  Best Integer    Best Bound    ItCnt     Gap

*     0+    0                        42315.4433        0.0000           100.00%
      0     0    13268.2638     7    42315.4433    13268.2638    18790   68.64%
*     0+    0                        24621.8618    13268.2638            46.11%
*     0+    0                        13321.4681    13268.2638             0.40%
      0     0        cutoff          13321.4681                  19557    0.00%
Elapsed time = 4.86 sec. (9198.16 ticks, tree = 0.01 MB, solutions = 3)

Flow cuts applied:  182
Mixed integer rounding cuts applied:  252
Gomory fractional cuts applied:  1

Root node processing (before b&c):
  Real time             =    4.88 sec. (9199.19 ticks)
Sequential b&c:
  Real time             =    0.00 sec. (0.00 ticks)
                          ------------
Total (root+branch&cut) =    4.88 sec. (9199.19 ticks)
SOLVE_END method=NOMINAL robustness=0.0000000000000000 status=Optimal certified=true objective=13321.468148342336 bestBound=13321.468148342336 gap=0.0000000000000000 solveSec=4.874278 selected=3
SOLVE_BEGIN method=NOMINAL robustness=0.0000000000000000 scenarios=60 positiveWeights=60 ess=9.4927594467 threads=1 limitSec=600
Version identifier: 22.1.1.0 | 2022-11-27 | 9160aff4d
CPXPARAM_Threads                                 1
CPXPARAM_TimeLimit                               600
CPXPARAM_MIP_Tolerances_MIPGap                   1e-08
Tried aggregator 1 time.
MIP Presolve eliminated 142 rows and 142 columns.
MIP Presolve modified 2125 coefficients.
Reduced MIP has 9700 rows, 8990 columns, and 38592 nonzeros.
Reduced MIP has 12 binaries, 0 generals, 0 SOSs, and 0 indicators.
Presolve time = 0.02 sec. (24.01 ticks)
Found incumbent of value 176900.373291 after 0.03 sec. (33.57 ticks)
Probing time = 0.00 sec. (1.36 ticks)
Tried aggregator 1 time.
Detecting symmetries...
Reduced MIP has 9700 rows, 8990 columns, and 38592 nonzeros.
Reduced MIP has 12 binaries, 0 generals, 0 SOSs, and 0 indicators.
Presolve time = 0.02 sec. (24.54 ticks)
Probing time = 0.00 sec. (1.35 ticks)
MIP emphasis: balance optimality and feasibility.
MIP search method: dynamic search.
Parallel mode: none, using 1 thread.
Root relaxation solution time = 0.69 sec. (1355.28 ticks)

        Nodes                                         Cuts/
   Node  Left     Objective  IInf  Best Integer    Best Bound    ItCnt     Gap

*     0+    0                       176900.3733    36883.7156            79.15%
      0     0    86756.5199     2   176900.3733    86756.5199    11528   50.96%
*     0+    0                        86813.3442    86756.5199             0.07%
      0     0        cutoff          86813.3442                  11889    0.00%
Elapsed time = 0.86 sec. (1574.10 ticks, tree = 0.01 MB, solutions = 2)

Implied bound cuts applied:  9
Flow cuts applied:  395
Mixed integer rounding cuts applied:  325
Gomory fractional cuts applied:  2

Root node processing (before b&c):
  Real time             =    0.86 sec. (1574.67 ticks)
Sequential b&c:
  Real time             =    0.00 sec. (0.00 ticks)
                          ------------
Total (root+branch&cut) =    0.86 sec. (1574.67 ticks)
SOLVE_END method=NOMINAL robustness=0.0000000000000000 status=Optimal certified=true objective=86813.344179112300 bestBound=86813.344179112300 gap=0.0000000000000000 solveSec=0.856731 selected=9
SOLVE_BEGIN method=CHI_SQUARED robustness=0.10000000000000000 scenarios=60 positiveWeights=60 ess=9.4927594467 threads=1 limitSec=600
Problem
  Name                   : DRO-Extensive   
  Objective sense        : minimize        
  Type                   : CONIC (conic optimization problem)
  Constraints            : 17102           
  Affine conic cons.     : 1 (61 rows)
  Disjunctive cons.      : 0               
  Cones                  : 0               
  Scalar variables       : 16395           
  Matrix variables       : 0               
  Integer variables      : 12              

Optimizer started.
Mixed integer optimizer started.
Threads used: 1
Presolve started.
Presolve terminated. Time = 0.17, probing time =  0.02
Presolved problem: 9052 variables, 9759 constraints, 47678 non-zeros
Presolved problem: 0 general integer, 12 binary, 9040 continuous
Presolved problem: 1 cones
Clique table size: 0
BRANCHES RELAXS   ACT_NDS  DEPTH    BEST_INT_OBJ         BEST_RELAX_OBJ       REL_GAP(%)  TIME  
0        0        1        0        NA                   NA                   NA          0.2   
0        1        1        0        NA                   8.9557848979e+04     NA          0.7   
0        1        1        0        8.9604783220e+04     8.9557848979e+04     0.05        1.6   
Root cut generation started.
0        1        1        0        8.9604783220e+04     8.9557848979e+04     0.05        2.9   
Root cut generation terminated. Time = 0.74
An optimal solution satisfying the relative gap tolerance of 1.00e-02(%) has been located.
The relative gap is 0.00e+00(%).
An optimal solution satisfying the absolute gap tolerance of 0.00e+00 has been located.
The absolute gap is 0.00e+00.

Objective of best integer solution : 8.960478322026e+04      
Best objective bound               : 8.960478322026e+04      
Initial feasible solution objective: Undefined
Construct solution objective       : Not employed
User objective cut value           : Not employed
Number of cuts generated           : 101
  Number of CMIR cuts              : 72
  Number of implied bound cuts     : 29
Number of branches                 : 3
Number of relaxations solved       : 7
Number of interior point iterations: 350
Number of simplex iterations       : 0
Time spend presolving the root     : 0.17
Time spend optimizing the root     : 0.75
Mixed integer optimizer terminated. Time: 4.27

Optimizer terminated. Time: 4.30    


Integer solution solution summary
  Problem status  : PRIMAL_FEASIBLE
  Solution status : INTEGER_OPTIMAL
  Primal.  obj: 8.9604783220e+04    nrm: 9e+04    Viol.  con: 3e-04    var: 3e-08    acc: 0e+00    itg: 9e-08  
SOLVE_END method=CHI_SQUARED robustness=0.10000000000000000 status=PrimalFeasible certified=true objective=89604.783220260420 bestBound=89604.783220260370 gap=0.0000000000000000 solveSec=4.377253 selected=9
SOLVE_BEGIN method=NOMINAL robustness=0.0000000000000000 scenarios=100 positiveWeights=100 ess=100.0000000000 threads=1 limitSec=600
Version identifier: 22.1.1.0 | 2022-11-27 | 9160aff4d
CPXPARAM_Threads                                 1
CPXPARAM_TimeLimit                               600
CPXPARAM_MIP_Tolerances_MIPGap                   1e-08
Tried aggregator 1 time.
MIP Presolve eliminated 348 rows and 348 columns.
MIP Presolve modified 956 coefficients.
Reduced MIP has 16054 rows, 14864 columns, and 63835 nonzeros.
Reduced MIP has 12 binaries, 0 generals, 0 SOSs, and 0 indicators.
Presolve time = 0.03 sec. (38.44 ticks)
Found incumbent of value 184669.732787 after 0.03 sec. (54.04 ticks)
Probing time = 0.02 sec. (2.25 ticks)
Cover probing fixed 0 vars, tightened 3 bounds.
Tried aggregator 1 time.
Detecting symmetries...
Reduced MIP has 16054 rows, 14864 columns, and 63835 nonzeros.
Reduced MIP has 12 binaries, 0 generals, 0 SOSs, and 0 indicators.
Presolve time = 0.03 sec. (43.57 ticks)
Probing time = 0.02 sec. (2.24 ticks)
MIP emphasis: balance optimality and feasibility.
MIP search method: dynamic search.
Parallel mode: none, using 1 thread.
Root relaxation solution time = 4.09 sec. (7994.63 ticks)

        Nodes                                         Cuts/
   Node  Left     Objective  IInf  Best Integer    Best Bound    ItCnt     Gap

*     0+    0                       184669.7328    44908.0433            75.68%
      0     0    95387.5726     2   184669.7328    95387.5726    26278   48.35%
*     0+    0                        95568.7794    95387.5726             0.19%
      0     0    95568.5936     2    95568.7794    Cuts: 1914    27995    0.00%
      0     0    95568.7681     2    95568.7794     Cuts: 266    28181    0.00%
      0     0        cutoff          95568.7794                  28193    0.00%
Elapsed time = 5.02 sec. (9196.27 ticks, tree = 0.01 MB, solutions = 2)

Implied bound cuts applied:  13
Flow cuts applied:  821
Mixed integer rounding cuts applied:  668
Gomory fractional cuts applied:  3

Root node processing (before b&c):
  Real time             =    5.03 sec. (9197.22 ticks)
Sequential b&c:
  Real time             =    0.00 sec. (0.00 ticks)
                          ------------
Total (root+branch&cut) =    5.03 sec. (9197.22 ticks)
SOLVE_END method=NOMINAL robustness=0.0000000000000000 status=Optimal certified=true objective=95568.779379466460 bestBound=95568.779379466460 gap=0.0000000000000000 solveSec=5.030449 selected=9
